strace -f ./the_band_patched_jmp
execve("./the_band_patched_jmp", ["./the_band_patched_jmp"], 0x7fff8ac68698 /* 92 vars */) = 0
brk(NULL)                               = 0x55a15b545000
access("/etc/ld.so.nohwcap", F_OK)      = -1 ENOENT (No such file or directory)
access("/etc/ld.so.preload", R_OK)      = -1 ENOENT (No such file or directory)
openat(AT_FDCWD, "/etc/ld.so.cache", O_RDONLY|O_CLOEXEC) = 3
fstat(3, {st_mode=S_IFREG|0644, st_size=193788, ...}) = 0
mmap(NULL, 193788, PROT_READ, MAP_PRIVATE, 3, 0) = 0x7f7e60962000
close(3)                                = 0
access("/etc/ld.so.nohwcap", F_OK)      = -1 ENOENT (No such file or directory)
openat(AT_FDCWD, "/lib/x86_64-linux-gnu/librt.so.1", O_RDONLY|O_CLOEXEC) = 3
read(3, "\177ELF\2\1\1\0\0\0\0\0\0\0\0\0\3\0>\0\1\0\0\0\0\"\0\0\0\0\0\0"..., 832) = 832
fstat(3, {st_mode=S_IFREG|0644, st_size=31712, ...}) = 0
mmap(NULL, 8192, PROT_READ|PROT_WRITE, MAP_PRIVATE|MAP_ANONYMOUS, -1, 0) = 0x7f7e60960000
mmap(NULL, 2128864, PROT_READ|PROT_EXEC, MAP_PRIVATE|MAP_DENYWRITE, 3, 0) = 0x7f7e60566000
mprotect(0x7f7e6056d000, 2093056, PROT_NONE) = 0
mmap(0x7f7e6076c000, 8192, PROT_READ|PROT_WRITE, MAP_PRIVATE|MAP_FIXED|MAP_DENYWRITE, 3, 0x6000) = 0x7f7e6076c000
close(3)                                = 0
access("/etc/ld.so.nohwcap", F_OK)      = -1 ENOENT (No such file or directory)
openat(AT_FDCWD, "/lib/x86_64-linux-gnu/libpthread.so.0", O_RDONLY|O_CLOEXEC) = 3
read(3, "\177ELF\2\1\1\0\0\0\0\0\0\0\0\0\3\0>\0\1\0\0\0@b\0\0\0\0\0\0"..., 832) = 832
fstat(3, {st_mode=S_IFREG|0755, st_size=138216, ...}) = 0
mmap(NULL, 2217088, PROT_READ|PROT_EXEC, MAP_PRIVATE|MAP_DENYWRITE, 3, 0) = 0x7f7e60348000
mprotect(0x7f7e60361000, 2093056, PROT_NONE) = 0
mmap(0x7f7e60560000, 8192, PROT_READ|PROT_WRITE, MAP_PRIVATE|MAP_FIXED|MAP_DENYWRITE, 3, 0x18000) = 0x7f7e60560000
mmap(0x7f7e60562000, 13440, PROT_READ|PROT_WRITE, MAP_PRIVATE|MAP_FIXED|MAP_ANONYMOUS, -1, 0) = 0x7f7e60562000
close(3)                                = 0
access("/etc/ld.so.nohwcap", F_OK)      = -1 ENOENT (No such file or directory)
openat(AT_FDCWD, "/lib/x86_64-linux-gnu/libm.so.6", O_RDONLY|O_CLOEXEC) = 3
read(3, "\177ELF\2\1\1\3\0\0\0\0\0\0\0\0\3\0>\0\1\0\0\0\360\271\0\0\0\0\0\0"..., 832) = 832
fstat(3, {st_mode=S_IFREG|0644, st_size=1649080, ...}) = 0
mmap(NULL, 3744072, PROT_READ|PROT_EXEC, MAP_PRIVATE|MAP_DENYWRITE, 3, 0) = 0x7f7e5ffb5000
mprotect(0x7f7e60147000, 2093056, PROT_NONE) = 0
mmap(0x7f7e60346000, 8192, PROT_READ|PROT_WRITE, MAP_PRIVATE|MAP_FIXED|MAP_DENYWRITE, 3, 0x191000) = 0x7f7e60346000
close(3)                                = 0
access("/etc/ld.so.nohwcap", F_OK)      = -1 ENOENT (No such file or directory)
openat(AT_FDCWD, "/lib/x86_64-linux-gnu/libc.so.6", O_RDONLY|O_CLOEXEC) = 3
read(3, "\177ELF\2\1\1\3\0\0\0\0\0\0\0\0\3\0>\0\1\0\0\0\240\33\2\0\0\0\0\0"..., 832) = 832
fstat(3, {st_mode=S_IFREG|0755, st_size=1800248, ...}) = 0
mmap(NULL, 3906272, PROT_READ|PROT_EXEC, MAP_PRIVATE|MAP_DENYWRITE, 3, 0) = 0x7f7e5fbfb000
mprotect(0x7f7e5fdac000, 2093056, PROT_NONE) = 0
mmap(0x7f7e5ffab000, 24576, PROT_READ|PROT_WRITE, MAP_PRIVATE|MAP_FIXED|MAP_DENYWRITE, 3, 0x1b0000) = 0x7f7e5ffab000
mmap(0x7f7e5ffb1000, 15072, PROT_READ|PROT_WRITE, MAP_PRIVATE|MAP_FIXED|MAP_ANONYMOUS, -1, 0) = 0x7f7e5ffb1000
close(3)                                = 0
mmap(NULL, 8192, PROT_READ|PROT_WRITE, MAP_PRIVATE|MAP_ANONYMOUS, -1, 0) = 0x7f7e6095e000
arch_prctl(ARCH_SET_FS, 0x7f7e6095eb80) = 0
mprotect(0x7f7e5ffab000, 16384, PROT_READ) = 0
mprotect(0x7f7e60346000, 4096, PROT_READ) = 0
mprotect(0x7f7e60560000, 4096, PROT_READ) = 0
mprotect(0x7f7e6076c000, 4096, PROT_READ) = 0
mprotect(0x55a15b09a000, 4096, PROT_READ) = 0
mprotect(0x7f7e60992000, 4096, PROT_READ) = 0
munmap(0x7f7e60962000, 193788)          = 0
set_tid_address(0x7f7e6095ee50)         = 27839
set_robust_list(0x7f7e6095ee60, 24)     = 0
rt_sigaction(SIGRTMIN, {sa_handler=0x7f7e6034dcb0, sa_mask=[], sa_flags=SA_RESTORER|SA_SIGINFO, sa_restorer=0x7f7e60359f50}, NULL, 8) = 0
rt_sigaction(SIGRT_1, {sa_handler=0x7f7e6034dd50, sa_mask=[], sa_flags=SA_RESTORER|SA_RESTART|SA_SIGINFO, sa_restorer=0x7f7e60359f50}, NULL, 8) = 0
rt_sigprocmask(SIG_UNBLOCK, [RTMIN RT_1], NULL, 8) = 0
prlimit64(0, RLIMIT_STACK, NULL, {rlim_cur=8192*1024, rlim_max=RLIM64_INFINITY}) = 0
brk(NULL)                               = 0x55a15b545000
brk(0x55a15b566000)                     = 0x55a15b566000
statfs("/dev/shm/", {f_type=TMPFS_MAGIC, f_bsize=4096, f_blocks=4105956, f_bfree=4076151, f_bavail=4076151, f_files=4105956, f_ffree=4105551, f_fsid={val=[0, 0]}, f_namelen=255, f_frsize=4096, f_flags=ST_VALID|ST_NOSUID|ST_NODEV}) = 0
futex(0x7f7e60565370, FUTEX_WAKE_PRIVATE, 2147483647) = 0
openat(AT_FDCWD, "/dev/shm/KaHRGnS4AbEctG6msyzc", O_RDWR|O_CREAT|O_NOFOLLOW|O_CLOEXEC, 0660) = 3
ftruncate(3, 1048576)                   = 0
mmap(NULL, 1048576, PROT_READ|PROT_WRITE, MAP_SHARED, 3, 0) = 0x7f7e6085e000
fstat(0, {st_mode=S_IFCHR|0620, st_rdev=makedev(136, 1), ...}) = 0
read(0, AAAABBBBCCCCDDDD
"AAAABBBBCCCCDDDD\n", 1024)     = 17
rt_sigaction(SIGTERM, {sa_handler=0x55a15b06b3a9, sa_mask=[], sa_flags=SA_RESTORER, sa_restorer=0x7f7e60359f50}, NULL, 8) = 0
[pid 27839] pipe([4, 5])                            = 0
[pid 27839] pipe([6, 7])                            = 0
[pid 27839] clone(child_stack=NULL, flags=CLONE_CHILD_CLEARTID|CLONE_CHILD_SETTID|SIGCHLD, child_tidptr=0x7fe1737fee50) = 27854
[pid 27854] set_robust_list(0x7f7e6095ee60, 24) = 0
[pid 27839] clone(child_stack=NULL, flags=CLONE_CHILD_CLEARTID|CLONE_CHILD_SETTID|SIGCHLD, child_tidptr=0x7f7e6095ee50) = 27855
[pid 27854] close(5)                    = 0
[pid 27854] mmap(NULL, 1048576, PROT_READ|PROT_WRITE, MAP_SHARED, 3, 0)        = 0x7f7e5fafb000
[pid 27839] close(4)       = 0
[pid 27855] set_robust_list(0x7f7e6095ee60, 24) = 0
[pid 27839] close(6)       = 0
[pid 27854] rt_sigaction(SIGRT_2, {sa_handler=0x55a15b06dae8, sa_mask=[], sa_flags=SA_RESTORER, sa_restorer=0x7f7e60359f50},NULL, 8) = 0
[pid 27839] clone(child_stack=NULL, flags=CLONE_CHILD_CLEARTID|CLONE_CHILD_SETTID|SIGCHLD, child_tidptr=0x7f7e6095ee50) = 27856
[pid 27855] close(7)                    = 0
[pid 27855] mmap(NULL, 1048576, PROT_READ|PROT_WRITE, MAP_SHARED, 3, 0) = 0x7f7e5fafb000
[pid 27855] rt_sigaction(SIGRT_2, {sa_handler=0x55a15b06dae8, sa_mask=[], sa_flags=SA_RESTORER, sa_restorer=0x7f7e60359f50},NULL, 8) = 0
[pid 27856] set_robust_list(0x7f7e6095ee60, 24) = 0
[pid 27839] futex(0x7f7e6085e720, FUTEX_WAIT_BITSET|FUTEX_CLOCK_REALTIME, 0, NULL, 0xffffffff)       = ? ERESTARTSYS (To be restarted if SA_RESTART is set)
[pid 27855] rt_sigaction(SIGRT_3, {sa_handler=0x55a15b06dcdb, sa_mask=[], sa_flags=SA_RESTORER, sa_restorer=0x7f7e60359f50},NULL, 8) = 0
[pid 27854] rt_sigaction(SIGRT_3, {sa_handler=0x55a15b06dcdb, sa_mask=[], sa_flags=SA_RESTORER, sa_restorer=0x7f7e60359f50},NULL, 8) = 0
[pid 27856] mmap(NULL, 1048576, PROT_READ|PROT_WRITE, MAP_SHARED, 3, 0)        = 0x7f7e5fafb000
[pid 27855] rt_sigaction(SIGRT_5, {sa_handler=0x55a15b06dec3, sa_mask=[], sa_flags=SA_RESTORER, sa_restorer=0x7f7e60359f50},NULL, 8) = 0
[pid 27854] rt_sigaction(SIGRT_5, {sa_handler=0x55a15b06dec3, sa_mask=[], sa_flags=SA_RESTORER, sa_restorer=0x7f7e60359f50},NULL, 8) = 0
[pid 27855] rt_sigaction(SIGRT_7, {sa_handler=0x55a15b06e1c5, sa_mask=[], sa_flags=SA_RESTORER, sa_restorer=0x7f7e60359f50},NULL, 8) = 0
[pid 27856] write(5, "\10\0\0\0\n\0\0\0", 8)       = 8
[pid 27855] rt_sigaction(SIGRT_4, {sa_handler=0x55a15b06e053, sa_mask=[], sa_flags=SA_RESTORER, sa_restorer=0x7f7e60359f50},NULL, 8) = 0
[pid 27856] write(7, "\10\0\0\0\v\0\0\0", 8)       = 8
[pid 27855] rt_sigaction(SIGRT_6, {sa_handler=0x55a15b06e29d, sa_mask=[], sa_flags=SA_RESTORER, sa_restorer=0x7f7e60359f50},NULL, 8) = 0
[pid 27856] getpid()      = 27856
[pid 27855] rt_sigaction(SIGRT_8, {sa_handler=0x55a15b06e3c6, sa_mask=[], sa_flags=SA_RESTORER, sa_restorer=0x7f7e60359f50},NULL, 8) = 0
[pid 27856] kill(27856, SIGSTOP)        = 0
[pid 27855] rt_sigaction(SIGRT_9, {sa_handler=0x55a15b06e47e, sa_mask=[], sa_flags=SA_RESTORER, sa_restorer=0x7f7e60359f50},NULL, 8) = 0
[pid 27856] --- SIGSTOP {si_signo=SIGSTOP, si_code=SI_USER, si_pid=27856, si_uid=1000} ---
[pid 27856] --- stopped by SIGSTOP ---
[pid 27839] --- SIGCHLD {si_signo=SIGCHLD, si_code=CLD_STOPPED, si_pid=27856, si_uid=1000, si_status=SIGSTOP, si_utime=0, si_stime=0} ---
[pid 27855] rt_sigaction(SIGRT_10, {sa_handler=0x55a15b06e65e, sa_mask=[], sa_flags=SA_RESTORER, sa_restorer=0x7f7e60359f50},NULL, 8) = 0
[pid 27839] futex(0x7f7e6085e720, FUTEX_WAIT_BITSET|FUTEX_CLOCK_REALTIME, 0, NULL, 0xffffffff)       = 0
[pid 27854] rt_sigaction(SIGRT_7, {sa_handler=0x55a15b06e1c5, sa_mask=[], sa_flags=SA_RESTORER, sa_restorer=0x7f7e60359f50},NULL, 8) = 0
[pid 27855] rt_sigaction(SIGRT_11, {sa_handler=0x55a15b06e94f, sa_mask=[], sa_flags=SA_RESTORER, sa_restorer=0x7f7e60359f50}, NULL, 8) = 0
[pid 27855] rt_sigaction(SIGRT_12, {sa_handler=0x55a15b06e840, sa_mask=[], sa_flags=SA_RESTORER, sa_restorer=0x7f7e60359f50}, NULL, 8) = 0
[pid 27854] rt_sigaction(SIGRT_4, {sa_handler=0x55a15b06e053, sa_mask=[], sa_flags=SA_RESTORER, sa_restorer=0x7f7e60359f50},NULL, 8) = 0
[pid 27855] rt_sigaction(SIGRT_13, {sa_handler=0x55a15b06ec75, sa_mask=[], sa_flags=SA_RESTORER, sa_restorer=0x7f7e60359f50}, NULL, 8) = 0
[pid 27855] read(6, "\10\0\0\0\v\0\0\0", 8) = 8
[pid 27854] rt_sigaction(SIGRT_6, {sa_handler=0x55a15b06e29d, sa_mask=[], sa_flags=SA_RESTORER, sa_restorer=0x7f7e60359f50},NULL, 8) = 0
[pid 27855] getpid()                    = 27855
[pid 27855] kill(27855, SIGRT_10)        = 0
[pid 27854] rt_sigaction(SIGRT_8, {sa_handler=0x55a15b06e3c6, sa_mask=[], sa_flags=SA_RESTORER, sa_restorer=0x7f7e60359f50},NULL, 8) = 0
[pid 27855] --- SIGRT_10 {si_signo=SIGRT_10, si_code=SI_USER, si_pid=27855, si_uid=1000} ---
[pid 27854] rt_sigaction(SIGRT_9, {sa_handler=0x55a15b06e47e, sa_mask=[], sa_flags=SA_RESTORER, sa_restorer=0x7f7e60359f50}, NULL, 8) = 0
[pid 27855] getpid()      = 27855
[pid 27854] rt_sigaction(SIGRT_10, {sa_handler=0x55a15b06e65e, sa_mask=[], sa_flags=SA_RESTORER, sa_restorer=0x7f7e60359f50},NULL, 8) = 0
[pid 27855] rt_sigreturn({mask=[]}) = 0
[pid 27854] rt_sigaction(SIGRT_11, {sa_handler=0x55a15b06e94f, sa_mask=[], sa_flags=SA_RESTORER, sa_restorer=0x7f7e60359f50},NULL, 8) = 0
[pid 27855] read(6,"\10\0\0\0\v\0\0\0", 8) = 8
[pid 27854] rt_sigaction(SIGRT_12, {sa_handler=0x55a15b06e840, sa_mask=[], sa_flags=SA_RESTORER, sa_restorer=0x7f7e60359f50}, NULL, 8) = 0
[pid 27854] rt_sigaction(SIGRT_13, {sa_handler=0x55a15b06ec75, sa_mask=[], sa_flags=SA_RESTORER, sa_restorer=0x7f7e60359f50}, NULL, 8) = 0
[pid 27854] read(4, "\10\0\0\0\n\0\0\0", 8) = 8
[pid 27854] getpid()                    = 27854
[pid 27854] kill(27854, SIGRT_10)       = 0
[pid 27854] --- SIGRT_10 {si_signo=SIGRT_10, si_code=SI_USER, si_pid=27854, si_uid=1000} ---
[pid 27854] getpid()                    = 27854
[pid 27854] futex(0x7f7e5fafb720, FUTEX_WAKE, 1) = 1
[pid 27854] rt_sigreturn({mask=[]}) = 0
[pid 27839] wait4(27856,NULL, WSTOPPED, NULL) = 27856
[pid 27854] read(4,"\7\0\0\0\n\0\0\0", 8) = 8
[pid 27839] kill(27856, SIGCONT)        = 0
[pid 27839] --- SIGCHLD {si_signo=SIGCHLD, si_code=CLD_CONTINUED, si_pid=27856, si_uid=1000, si_status=SIGCONT, si_utime=0, si_stime=0} ---
[pid 27856] --- SIGCONT {si_signo=SIGCONT, si_code=SI_USER, si_pid=27839, si_uid=1000} ---
[pid 27839] futex(0x7f7e6085e720, FUTEX_WAIT_BITSET|FUTEX_CLOCK_REALTIME, 0, NULL, 0xffffffff)       = ? ERESTARTSYS (To be restarted if SA_RESTART is set)
[pid 27856] write(5, "\7\0\0\0\n\0\0\0", 8) = 8
[pid 27856] write(7, "\10\0\0\0\v\0\0\0", 8)       = 8
[pid 27854] getpid()      = 27854
[pid 27856] getpid()      = 27856
[pid 27855] getpid()      = 27855
[pid 27856] kill(27856, SIGSTOP)        = 0
[pid 27855] kill(27855, SIGRT_10)        = 0
[pid 27856] --- SIGSTOP {si_signo=SIGSTOP, si_code=SI_USER, si_pid=27856, si_uid=1000} ---
[pid 27855] --- SIGRT_10 {si_signo=SIGRT_10, si_code=SI_USER, si_pid=27855, si_uid=1000} ---
[pid 27856] --- stopped by SIGSTOP ---
[pid 27839] --- SIGCHLD {si_signo=SIGCHLD, si_code=CLD_STOPPED, si_pid=27856, si_uid=1000, si_status=SIGSTOP, si_utime=0, si_stime=0} ---
[pid 27855] getpid()      = 27855
[pid 27839] futex(0x7f7e6085e720, FUTEX_WAIT_BITSET|FUTEX_CLOCK_REALTIME, 0, NULL, 0xffffffff)       = 0
[pid 27855] rt_sigreturn({mask=[]}) = 0
[pid 27854] kill(27854, SIGRT_9)        = 0
[pid 27855] read(6,"\6\0\0\0\v\0\0\0", 8) = 8
[pid 27854] --- SIGRT_9 {si_signo=SIGRT_9, si_code=SI_USER, si_pid=27854, si_uid=1000} ---
[pid 27854] getpid()                    = 27854
[pid 27854] futex(0x7f7e5fafb720, FUTEX_WAKE, 1)       = 1
[pid 27839] wait4(27856,NULL, WSTOPPED, NULL) = 27856
[pid 27854] rt_sigreturn({mask=[]}) = 0
[pid 27839] kill(27856, SIGCONT)        = 0
[pid 27854] read(4,"\10\0\0\0\n\0\0\0", 8) = 8
[pid 27839] --- SIGCHLD {si_signo=SIGCHLD, si_code=CLD_CONTINUED, si_pid=27856, si_uid=1000, si_status=SIGCONT, si_utime=0, si_stime=0} ---
[pid 27856] --- SIGCONT {si_signo=SIGCONT, si_code=SI_USER, si_pid=27839, si_uid=1000} ---
[pid 27839] futex(0x7f7e6085e720, FUTEX_WAIT_BITSET|FUTEX_CLOCK_REALTIME, 0, NULL, 0xffffffff)       = ? ERESTARTSYS (To be restarted if SA_RESTART is set)
[pid 27856] write(5, "\10\0\0\0\n\0\0\0", 8) = 8
[pid 27856] write(7, "\6\0\0\0\v\0\0\0", 8)       = 8
[pid 27854] getpid()      = 27854
[pid 27856] getpid()      = 27856
[pid 27855] getpid()      = 27855
[pid 27856] kill(27856, SIGSTOP)        = 0
[pid 27855] kill(27855, SIGRT_8)        = 0
[pid 27856] --- SIGSTOP {si_signo=SIGSTOP, si_code=SI_USER, si_pid=27856, si_uid=1000} ---
[pid 27855] --- SIGRT_8 {si_signo=SIGRT_8, si_code=SI_USER, si_pid=27855, si_uid=1000} ---
[pid 27856] --- stopped by SIGSTOP ---
[pid 27839] --- SIGCHLD {si_signo=SIGCHLD, si_code=CLD_STOPPED, si_pid=27856, si_uid=1000, si_status=SIGSTOP, si_utime=0, si_stime=0} ---
[pid 27855] getpid()      = 27855
[pid 27839] futex(0x7f7e6085e720, FUTEX_WAIT_BITSET|FUTEX_CLOCK_REALTIME, 0, NULL, 0xffffffff)       = 0
[pid 27855] rt_sigreturn({mask=[]}) = 0
[pid 27854] kill(27854, SIGRT_10)        = 0
[pid 27855] read(6,"\6\0\0\0\v\0\0\0", 8) = 8
[pid 27854] --- SIGRT_10 {si_signo=SIGRT_10, si_code=SI_USER, si_pid=27854, si_uid=1000} ---
[pid 27854] getpid()                    = 27854
[pid 27854] futex(0x7f7e5fafb720, FUTEX_WAKE, 1)       = 1
[pid 27839] wait4(27856,NULL, WSTOPPED, NULL) = 27856
[pid 27854] rt_sigreturn({mask=[]}) = 0
[pid 27839] kill(27856, SIGCONT)        = 0
[pid 27854] read(4,"\0\0\0\0\n\0\0\0", 8) = 8
[pid 27839] --- SIGCHLD {si_signo=SIGCHLD, si_code=CLD_CONTINUED, si_pid=27856, si_uid=1000, si_status=SIGCONT, si_utime=0, si_stime=0} ---
[pid 27856] --- SIGCONT {si_signo=SIGCONT, si_code=SI_USER, si_pid=27839, si_uid=1000} ---
[pid 27839] futex(0x7f7e6085e720, FUTEX_WAIT_BITSET|FUTEX_CLOCK_REALTIME, 0, NULL, 0xffffffff)       = ? ERESTARTSYS (To be restarted if SA_RESTART is set)
[pid 27856] write(5, "\0\0\0\0\n\0\0\0", 8) = 8
[pid 27856] write(7, "\6\0\0\0\v\0\0\0", 8)       = 8
[pid 27854] getpid()      = 27854
[pid 27856] getpid()      = 27856
[pid 27855] getpid()      = 27855
[pid 27856] kill(27856, SIGSTOP)        = 0
[pid 27855] kill(27855, SIGRT_8)        = 0
[pid 27856] --- SIGSTOP {si_signo=SIGSTOP, si_code=SI_USER, si_pid=27856, si_uid=1000} ---
[pid 27855] --- SIGRT_8 {si_signo=SIGRT_8, si_code=SI_USER, si_pid=27855, si_uid=1000} ---
[pid 27856] --- stopped by SIGSTOP ---
[pid 27839] --- SIGCHLD {si_signo=SIGCHLD, si_code=CLD_STOPPED, si_pid=27856, si_uid=1000, si_status=SIGSTOP, si_utime=0, si_stime=0} ---
[pid 27855] getpid()      = 27855
[pid 27839] futex(0x7f7e6085e720, FUTEX_WAIT_BITSET|FUTEX_CLOCK_REALTIME, 0, NULL, 0xffffffff)       = 0
[pid 27855] rt_sigreturn({mask=[]}) = 0
[pid 27854] kill(27854, SIGRT_2)        = 0
[pid 27855] read(6,"\0\0\0\0\v\0\0\0", 8) = 8
[pid 27854] --- SIGRT_2 {si_signo=SIGRT_2, si_code=SI_USER, si_pid=27854, si_uid=1000} ---
[pid 27854] getpid()                    = 27854
[pid 27854] futex(0x7f7e5fafb720, FUTEX_WAKE, 1) = 1
[pid 27854] rt_sigreturn({mask=[]}) = 0
[pid 27839] wait4(27856,NULL, WSTOPPED, NULL) = 27856
[pid 27854] read(4,"\10\0\0\0\n\0\0\0", 8) = 8
[pid 27839] kill(27856, SIGCONT)        = 0
[pid 27839] --- SIGCHLD {si_signo=SIGCHLD, si_code=CLD_CONTINUED, si_pid=27856, si_uid=1000, si_status=SIGCONT, si_utime=0, si_stime=0} ---
[pid 27856] --- SIGCONT {si_signo=SIGCONT, si_code=SI_USER, si_pid=27839, si_uid=1000} ---
[pid 27839] futex(0x7f7e6085e720, FUTEX_WAIT_BITSET|FUTEX_CLOCK_REALTIME, 0, NULL, 0xffffffff)       = ? ERESTARTSYS (To be restarted if SA_RESTART is set)
[pid 27856] write(5, "\10\0\0\0\n\0\0\0", 8) = 8
[pid 27856] write(7, "\0\0\0\0\v\0\0\0", 8)       = 8
[pid 27854] getpid()      = 27854
[pid 27856] getpid()      = 27856
[pid 27855] getpid()      = 27855
[pid 27856] kill(27856, SIGSTOP)        = 0
[pid 27855] kill(27855, SIGRT_2)        = 0
[pid 27856] --- SIGSTOP {si_signo=SIGSTOP, si_code=SI_USER, si_pid=27856, si_uid=1000} ---
[pid 27855] --- SIGRT_2 {si_signo=SIGRT_2, si_code=SI_USER, si_pid=27855, si_uid=1000} ---
[pid 27856] --- stopped by SIGSTOP ---
[pid 27839] --- SIGCHLD {si_signo=SIGCHLD, si_code=CLD_STOPPED, si_pid=27856, si_uid=1000, si_status=SIGSTOP, si_utime=0, si_stime=0} ---
[pid 27855] getpid()      = 27855
[pid 27839] futex(0x7f7e6085e720, FUTEX_WAIT_BITSET|FUTEX_CLOCK_REALTIME, 0, NULL, 0xffffffff)       = 0
[pid 27855] rt_sigreturn({mask=[]}) = 0
[pid 27854] kill(27854, SIGRT_10)        = 0
[pid 27855] read(6,"\10\0\0\0\v\0\0\0", 8) = 8
[pid 27854] --- SIGRT_10 {si_signo=SIGRT_10, si_code=SI_USER, si_pid=27854, si_uid=1000} ---
[pid 27854] getpid()                    = 27854
[pid 27854] futex(0x7f7e5fafb720, FUTEX_WAKE, 1) = 1
[pid 27854] rt_sigreturn({mask=[]}) = 0
[pid 27839] wait4(27856,NULL, WSTOPPED, NULL) = 27856
[pid 27854] read(4,"\6\0\0\0\n\0\0\0", 8) = 8
[pid 27839] kill(27856, SIGCONT)        = 0
[pid 27839] --- SIGCHLD {si_signo=SIGCHLD, si_code=CLD_CONTINUED, si_pid=27856, si_uid=1000, si_status=SIGCONT, si_utime=0, si_stime=0} ---
[pid 27856] --- SIGCONT {si_signo=SIGCONT, si_code=SI_USER, si_pid=27839, si_uid=1000} ---
[pid 27839] futex(0x7f7e6085e720, FUTEX_WAIT_BITSET|FUTEX_CLOCK_REALTIME, 0, NULL, 0xffffffff)       = ? ERESTARTSYS (To be restarted if SA_RESTART is set)
[pid 27856] write(5, "\6\0\0\0\n\0\0\0", 8) = 8
[pid 27856] write(7, "\10\0\0\0\v\0\0\0", 8)       = 8
[pid 27854] getpid()      = 27854
[pid 27856] getpid()      = 27856
[pid 27855] getpid()      = 27855
[pid 27856] kill(27856, SIGSTOP)        = 0
[pid 27855] kill(27855, SIGRT_10)        = 0
[pid 27856] --- SIGSTOP {si_signo=SIGSTOP, si_code=SI_USER, si_pid=27856, si_uid=1000} ---
[pid 27855] --- SIGRT_10 {si_signo=SIGRT_10, si_code=SI_USER, si_pid=27855, si_uid=1000} ---
[pid 27856] --- stopped by SIGSTOP ---
[pid 27839] --- SIGCHLD {si_signo=SIGCHLD, si_code=CLD_STOPPED, si_pid=27856, si_uid=1000, si_status=SIGSTOP, si_utime=0, si_stime=0} ---
[pid 27855] getpid()      = 27855
[pid 27839] futex(0x7f7e6085e720, FUTEX_WAIT_BITSET|FUTEX_CLOCK_REALTIME, 0, NULL, 0xffffffff)       = 0
[pid 27855] rt_sigreturn({mask=[]}) = 0
[pid 27854] kill(27854, SIGRT_8)        = 0
[pid 27855] read(6,"\5\0\0\0\v\0\0\0", 8) = 8
[pid 27854] --- SIGRT_8 {si_signo=SIGRT_8, si_code=SI_USER, si_pid=27854, si_uid=1000} ---
[pid 27854] getpid()                    = 27854
[pid 27854] futex(0x7f7e5fafb720, FUTEX_WAKE, 1) = 1
[pid 27854] rt_sigreturn({mask=[]}) = 0
[pid 27839] wait4(27856,NULL, WSTOPPED, NULL) = 27856
[pid 27854] read(4,"\6\0\0\0\n\0\0\0", 8) = 8
[pid 27839] kill(27856, SIGCONT)        = 0
[pid 27839] --- SIGCHLD {si_signo=SIGCHLD, si_code=CLD_CONTINUED, si_pid=27856, si_uid=1000, si_status=SIGCONT, si_utime=0, si_stime=0} ---
[pid 27856] --- SIGCONT {si_signo=SIGCONT, si_code=SI_USER, si_pid=27839, si_uid=1000} ---
[pid 27839] futex(0x7f7e6085e720, FUTEX_WAIT_BITSET|FUTEX_CLOCK_REALTIME, 0, NULL, 0xffffffff)       = ? ERESTARTSYS (To be restarted if SA_RESTART is set)
[pid 27856] write(5, "\6\0\0\0\n\0\0\0", 8) = 8
[pid 27856] write(7, "\5\0\0\0\v\0\0\0", 8)       = 8
[pid 27854] getpid()      = 27854
[pid 27856] getpid()      = 27856
[pid 27855] getpid()      = 27855
[pid 27856] kill(27856, SIGSTOP)        = 0
[pid 27855] kill(27855, SIGRT_7)        = 0
[pid 27856] --- SIGSTOP {si_signo=SIGSTOP, si_code=SI_USER, si_pid=27856, si_uid=1000} ---
[pid 27855] --- SIGRT_7 {si_signo=SIGRT_7, si_code=SI_USER, si_pid=27855, si_uid=1000} ---
[pid 27856] --- stopped by SIGSTOP ---
[pid 27839] --- SIGCHLD {si_signo=SIGCHLD, si_code=CLD_STOPPED, si_pid=27856, si_uid=1000, si_status=SIGSTOP, si_utime=0, si_stime=0} ---
[pid 27855] getpid()      = 27855
[pid 27839] futex(0x7f7e6085e720, FUTEX_WAIT_BITSET|FUTEX_CLOCK_REALTIME, 0, NULL, 0xffffffff)       = 0
[pid 27855] rt_sigreturn({mask=[]}) = 0
[pid 27854] kill(27854, SIGRT_8)        = 0
[pid 27855] read(6,"\0\0\0\0\v\0\0\0", 8) = 8
[pid 27854] --- SIGRT_8 {si_signo=SIGRT_8, si_code=SI_USER, si_pid=27854, si_uid=1000} ---
[pid 27854] getpid()                    = 27854
[pid 27854] futex(0x7f7e5fafb720, FUTEX_WAKE, 1)       = 1
[pid 27839] wait4(27856,NULL, WSTOPPED, NULL) = 27856
[pid 27854] rt_sigreturn({mask=[]}) = 0
[pid 27839] kill(27856, SIGCONT)        = 0
[pid 27854] read(4,"\6\0\0\0\n\0\0\0", 8) = 8
[pid 27839] --- SIGCHLD {si_signo=SIGCHLD, si_code=CLD_CONTINUED, si_pid=27856, si_uid=1000, si_status=SIGCONT, si_utime=0, si_stime=0} ---
[pid 27856] --- SIGCONT {si_signo=SIGCONT, si_code=SI_USER, si_pid=27839, si_uid=1000} ---
[pid 27839] futex(0x7f7e6085e720, FUTEX_WAIT_BITSET|FUTEX_CLOCK_REALTIME, 0, NULL, 0xffffffff)       = ? ERESTARTSYS (To be restarted if SA_RESTART is set)
[pid 27856] write(5, "\6\0\0\0\n\0\0\0", 8) = 8
[pid 27856] write(7, "\0\0\0\0\v\0\0\0", 8)       = 8
[pid 27854] getpid()      = 27854
[pid 27856] getpid()      = 27856
[pid 27855] getpid()      = 27855
[pid 27856] kill(27856, SIGSTOP)        = 0
[pid 27855] kill(27855, SIGRT_2)        = 0
[pid 27856] --- SIGSTOP {si_signo=SIGSTOP, si_code=SI_USER, si_pid=27856, si_uid=1000} ---
[pid 27855] --- SIGRT_2 {si_signo=SIGRT_2, si_code=SI_USER, si_pid=27855, si_uid=1000} ---
[pid 27856] --- stopped by SIGSTOP ---
[pid 27839] --- SIGCHLD {si_signo=SIGCHLD, si_code=CLD_STOPPED, si_pid=27856, si_uid=1000, si_status=SIGSTOP, si_utime=0, si_stime=0} ---
[pid 27855] getpid()      = 27855
[pid 27839] futex(0x7f7e6085e720, FUTEX_WAIT_BITSET|FUTEX_CLOCK_REALTIME, 0, NULL, 0xffffffff)       = 0
[pid 27855] rt_sigreturn({mask=[]}) = 0
[pid 27854] kill(27854, SIGRT_8)        = 0
[pid 27855] read(6,"\6\0\0\0\v\0\0\0", 8) = 8
[pid 27854] --- SIGRT_8 {si_signo=SIGRT_8, si_code=SI_USER, si_pid=27854, si_uid=1000} ---
[pid 27854] getpid()                    = 27854
[pid 27854] futex(0x7f7e5fafb720, FUTEX_WAKE, 1) = 1
[pid 27854] rt_sigreturn({mask=[]}) = 0
[pid 27839] wait4(27856,NULL, WSTOPPED, NULL) = 27856
[pid 27854] read(4,"\1\0\0\0\n\0\0\0", 8) = 8
[pid 27839] kill(27856, SIGCONT)        = 0
[pid 27839] --- SIGCHLD {si_signo=SIGCHLD, si_code=CLD_CONTINUED, si_pid=27856, si_uid=1000, si_status=SIGCONT, si_utime=0, si_stime=0} ---
[pid 27856] --- SIGCONT {si_signo=SIGCONT, si_code=SI_USER, si_pid=27839, si_uid=1000} ---
[pid 27839] futex(0x7f7e6085e720, FUTEX_WAIT_BITSET|FUTEX_CLOCK_REALTIME, 0, NULL, 0xffffffff)       = ? ERESTARTSYS (To be restarted if SA_RESTART is set)
[pid 27856] write(5, "\1\0\0\0\n\0\0\0", 8) = 8
[pid 27856] write(7, "\6\0\0\0\v\0\0\0", 8)       = 8
[pid 27854] getpid()      = 27854
[pid 27856] getpid()      = 27856
[pid 27855] getpid()      = 27855
[pid 27856] kill(27856, SIGSTOP)        = 0
[pid 27855] kill(27855, SIGRT_8)        = 0
[pid 27856] --- SIGSTOP {si_signo=SIGSTOP, si_code=SI_USER, si_pid=27856, si_uid=1000} ---
[pid 27855] --- SIGRT_8 {si_signo=SIGRT_8, si_code=SI_USER, si_pid=27855, si_uid=1000} ---
[pid 27856] --- stopped by SIGSTOP ---
[pid 27839] --- SIGCHLD {si_signo=SIGCHLD, si_code=CLD_STOPPED, si_pid=27856, si_uid=1000, si_status=SIGSTOP, si_utime=0, si_stime=0} ---
[pid 27855] getpid()      = 27855
[pid 27839] futex(0x7f7e6085e720, FUTEX_WAIT_BITSET|FUTEX_CLOCK_REALTIME, 0, NULL, 0xffffffff)       = 0
[pid 27855] rt_sigreturn({mask=[]}) = 0
[pid 27854] kill(27854, SIGRT_3)        = 0
[pid 27855] read(6,"\6\0\0\0\v\0\0\0", 8) = 8
[pid 27854] --- SIGRT_3 {si_signo=SIGRT_3, si_code=SI_USER, si_pid=27854, si_uid=1000} ---
[pid 27854] getpid()                    = 27854
[pid 27854] getpid()                    = 27854
[pid 27854] futex(0x7f7e5fafb720, FUTEX_WAKE, 1)       = 1
[pid 27839] wait4(27856,NULL, WSTOPPED, NULL) = 27856
[pid 27854] rt_sigreturn({mask=[]}) = 0
[pid 27839] kill(27856, SIGCONT)        = 0
[pid 27854] read(4,"\10\0\0\0\n\0\0\0", 8) = 8
[pid 27839] --- SIGCHLD {si_signo=SIGCHLD, si_code=CLD_CONTINUED, si_pid=27856, si_uid=1000, si_status=SIGCONT, si_utime=0, si_stime=0} ---
[pid 27856] --- SIGCONT {si_signo=SIGCONT, si_code=SI_USER, si_pid=27839, si_uid=1000} ---
[pid 27839] futex(0x7f7e6085e720, FUTEX_WAIT_BITSET|FUTEX_CLOCK_REALTIME, 0, NULL, 0xffffffff)       = ? ERESTARTSYS (To be restarted if SA_RESTART is set)
[pid 27856] write(5, "\10\0\0\0\n\0\0\0", 8) = 8
[pid 27856] write(7, "\6\0\0\0\v\0\0\0", 8)       = 8
[pid 27854] getpid()      = 27854
[pid 27856] getpid()      = 27856
[pid 27855] getpid()      = 27855
[pid 27856] kill(27856, SIGSTOP)        = 0
[pid 27855] kill(27855, SIGRT_8)        = 0
[pid 27856] --- SIGSTOP {si_signo=SIGSTOP, si_code=SI_USER, si_pid=27856, si_uid=1000} ---
[pid 27855] --- SIGRT_8 {si_signo=SIGRT_8, si_code=SI_USER, si_pid=27855, si_uid=1000} ---
[pid 27856] --- stopped by SIGSTOP ---
[pid 27839] --- SIGCHLD {si_signo=SIGCHLD, si_code=CLD_STOPPED, si_pid=27856, si_uid=1000, si_status=SIGSTOP, si_utime=0, si_stime=0} ---
[pid 27855] getpid()      = 27855
[pid 27839] futex(0x7f7e6085e720, FUTEX_WAIT_BITSET|FUTEX_CLOCK_REALTIME, 0, NULL, 0xffffffff)       = 0
[pid 27855] rt_sigreturn({mask=[]}) = 0
[pid 27854] kill(27854, SIGRT_10)        = 0
[pid 27855] read(6,"\6\0\0\0\v\0\0\0", 8) = 8
[pid 27854] --- SIGRT_10 {si_signo=SIGRT_10, si_code=SI_USER, si_pid=27854, si_uid=1000} ---
[pid 27854] getpid()                    = 27854
[pid 27854] futex(0x7f7e5fafb720, FUTEX_WAKE, 1) = 1
[pid 27854] rt_sigreturn({mask=[]}) = 0
[pid 27839] wait4(27856,NULL, WSTOPPED, NULL) = 27856
[pid 27854] read(4,"\0\0\0\0\n\0\0\0", 8) = 8
[pid 27839] kill(27856, SIGCONT)        = 0
[pid 27839] --- SIGCHLD {si_signo=SIGCHLD, si_code=CLD_CONTINUED, si_pid=27856, si_uid=1000, si_status=SIGCONT, si_utime=0, si_stime=0} ---
[pid 27856] --- SIGCONT {si_signo=SIGCONT, si_code=SI_USER, si_pid=27839, si_uid=1000} ---
[pid 27839] futex(0x7f7e6085e720, FUTEX_WAIT_BITSET|FUTEX_CLOCK_REALTIME, 0, NULL, 0xffffffff)       = ? ERESTARTSYS (To be restarted if SA_RESTART is set)
[pid 27856] write(5, "\0\0\0\0\n\0\0\0", 8) = 8
[pid 27856] write(7, "\6\0\0\0\v\0\0\0", 8)       = 8
[pid 27854] getpid()      = 27854
[pid 27856] getpid()      = 27856
[pid 27855] getpid()      = 27855
[pid 27856] kill(27856, SIGSTOP)        = 0
[pid 27855] kill(27855, SIGRT_8)        = 0
[pid 27856] --- SIGSTOP {si_signo=SIGSTOP, si_code=SI_USER, si_pid=27856, si_uid=1000} ---
[pid 27855] --- SIGRT_8 {si_signo=SIGRT_8, si_code=SI_USER, si_pid=27855, si_uid=1000} ---
[pid 27856] --- stopped by SIGSTOP ---
[pid 27839] --- SIGCHLD {si_signo=SIGCHLD, si_code=CLD_STOPPED, si_pid=27856, si_uid=1000, si_status=SIGSTOP, si_utime=0, si_stime=0} ---
[pid 27855] getpid()      = 27855
[pid 27839] futex(0x7f7e6085e720, FUTEX_WAIT_BITSET|FUTEX_CLOCK_REALTIME, 0, NULL, 0xffffffff)       = 0
[pid 27855] rt_sigreturn({mask=[]}) = 0
[pid 27854] kill(27854, SIGRT_2)        = 0
[pid 27855] read(6,"\0\0\0\0\v\0\0\0", 8) = 8
[pid 27854] --- SIGRT_2 {si_signo=SIGRT_2, si_code=SI_USER, si_pid=27854, si_uid=1000} ---
[pid 27854] getpid()                    = 27854
[pid 27854] futex(0x7f7e5fafb720, FUTEX_WAKE, 1)       = 1
[pid 27839] wait4(27856,NULL, WSTOPPED, NULL) = 27856
[pid 27854] rt_sigreturn({mask=[]}) = 0
[pid 27839] kill(27856, SIGCONT)        = 0
[pid 27854] read(4,"\10\0\0\0\n\0\0\0", 8) = 8
[pid 27839] --- SIGCHLD {si_signo=SIGCHLD, si_code=CLD_CONTINUED, si_pid=27856, si_uid=1000, si_status=SIGCONT, si_utime=0, si_stime=0} ---
[pid 27856] --- SIGCONT {si_signo=SIGCONT, si_code=SI_USER, si_pid=27839, si_uid=1000} ---
[pid 27839] futex(0x7f7e6085e720, FUTEX_WAIT_BITSET|FUTEX_CLOCK_REALTIME, 0, NULL, 0xffffffff)       = ? ERESTARTSYS (To be restarted if SA_RESTART is set)
[pid 27856] write(5, "\10\0\0\0\n\0\0\0", 8) = 8
[pid 27856] write(7, "\0\0\0\0\v\0\0\0", 8)       = 8
[pid 27854] getpid()      = 27854
[pid 27856] getpid()      = 27856
[pid 27855] getpid()      = 27855
[pid 27856] kill(27856, SIGSTOP)        = 0
[pid 27855] kill(27855, SIGRT_2)        = 0
[pid 27856] --- SIGSTOP {si_signo=SIGSTOP, si_code=SI_USER, si_pid=27856, si_uid=1000} ---
[pid 27855] --- SIGRT_2 {si_signo=SIGRT_2, si_code=SI_USER, si_pid=27855, si_uid=1000} ---
[pid 27856] --- stopped by SIGSTOP ---
[pid 27839] --- SIGCHLD {si_signo=SIGCHLD, si_code=CLD_STOPPED, si_pid=27856, si_uid=1000, si_status=SIGSTOP, si_utime=0, si_stime=0} ---
[pid 27855] getpid()      = 27855
[pid 27839] futex(0x7f7e6085e720, FUTEX_WAIT_BITSET|FUTEX_CLOCK_REALTIME, 0, NULL, 0xffffffff)       = 0
[pid 27855] rt_sigreturn({mask=[]}) = 0
[pid 27854] kill(27854, SIGRT_10)        = 0
[pid 27855] read(6,"\10\0\0\0\v\0\0\0", 8) = 8
[pid 27854] --- SIGRT_10 {si_signo=SIGRT_10, si_code=SI_USER, si_pid=27854, si_uid=1000} ---
[pid 27854] getpid()                    = 27854
[pid 27854] futex(0x7f7e5fafb720, FUTEX_WAKE, 1)       = 1
[pid 27839] wait4(27856,NULL, WSTOPPED, NULL) = 27856
[pid 27854] rt_sigreturn({mask=[]}) = 0
[pid 27839] kill(27856, SIGCONT)        = 0
[pid 27854] read(4,"\6\0\0\0\n\0\0\0", 8) = 8
[pid 27839] --- SIGCHLD {si_signo=SIGCHLD, si_code=CLD_CONTINUED, si_pid=27856, si_uid=1000, si_status=SIGCONT, si_utime=0, si_stime=0} ---
[pid 27856] --- SIGCONT {si_signo=SIGCONT, si_code=SI_USER, si_pid=27839, si_uid=1000} ---
[pid 27839] futex(0x7f7e6085e720, FUTEX_WAIT_BITSET|FUTEX_CLOCK_REALTIME, 0, NULL, 0xffffffff)       = ? ERESTARTSYS (To be restarted if SA_RESTART is set)
[pid 27856] write(5, "\6\0\0\0\n\0\0\0", 8) = 8
[pid 27856] write(7, "\10\0\0\0\v\0\0\0", 8)       = 8
[pid 27854] getpid()      = 27854
[pid 27856] getpid()      = 27856
[pid 27855] getpid()      = 27855
[pid 27856] kill(27856, SIGSTOP)        = 0
[pid 27855] kill(27855, SIGRT_10)        = 0
[pid 27856] --- SIGSTOP {si_signo=SIGSTOP, si_code=SI_USER, si_pid=27856, si_uid=1000} ---
[pid 27855] --- SIGRT_10 {si_signo=SIGRT_10, si_code=SI_USER, si_pid=27855, si_uid=1000} ---
[pid 27856] --- stopped by SIGSTOP ---
[pid 27839] --- SIGCHLD {si_signo=SIGCHLD, si_code=CLD_STOPPED, si_pid=27856, si_uid=1000, si_status=SIGSTOP, si_utime=0, si_stime=0} ---
[pid 27855] getpid()      = 27855
[pid 27839] futex(0x7f7e6085e720, FUTEX_WAIT_BITSET|FUTEX_CLOCK_REALTIME, 0, NULL, 0xffffffff)       = 0
[pid 27855] rt_sigreturn({mask=[]}) = 0
[pid 27854] kill(27854, SIGRT_8)        = 0
[pid 27855] read(6,"\5\0\0\0\v\0\0\0", 8) = 8
[pid 27854] --- SIGRT_8 {si_signo=SIGRT_8, si_code=SI_USER, si_pid=27854, si_uid=1000} ---
[pid 27854] getpid()                    = 27854
[pid 27854] futex(0x7f7e5fafb720, FUTEX_WAKE, 1)       = 1
[pid 27839] wait4(27856,NULL, WSTOPPED, NULL) = 27856
[pid 27854] rt_sigreturn({mask=[]}) = 0
[pid 27839] kill(27856, SIGCONT)        = 0
[pid 27854] read(4,"\6\0\0\0\n\0\0\0", 8) = 8
[pid 27839] --- SIGCHLD {si_signo=SIGCHLD, si_code=CLD_CONTINUED, si_pid=27856, si_uid=1000, si_status=SIGCONT, si_utime=0, si_stime=0} ---
[pid 27856] --- SIGCONT {si_signo=SIGCONT, si_code=SI_USER, si_pid=27839, si_uid=1000} ---
[pid 27839] futex(0x7f7e6085e720, FUTEX_WAIT_BITSET|FUTEX_CLOCK_REALTIME, 0, NULL, 0xffffffff)       = ? ERESTARTSYS (To be restarted if SA_RESTART is set)
[pid 27856] write(5, "\6\0\0\0\n\0\0\0", 8) = 8
[pid 27856] write(7, "\5\0\0\0\v\0\0\0", 8)       = 8
[pid 27854] getpid()      = 27854
[pid 27856] getpid()      = 27856
[pid 27855] getpid()      = 27855
[pid 27856] kill(27856, SIGSTOP)        = 0
[pid 27855] kill(27855, SIGRT_7)        = 0
[pid 27856] --- SIGSTOP {si_signo=SIGSTOP, si_code=SI_USER, si_pid=27856, si_uid=1000} ---
[pid 27855] --- SIGRT_7 {si_signo=SIGRT_7, si_code=SI_USER, si_pid=27855, si_uid=1000} ---
[pid 27856] --- stopped by SIGSTOP ---
[pid 27839] --- SIGCHLD {si_signo=SIGCHLD, si_code=CLD_STOPPED, si_pid=27856, si_uid=1000, si_status=SIGSTOP, si_utime=0, si_stime=0} ---
[pid 27855] getpid()      = 27855
[pid 27839] futex(0x7f7e6085e720, FUTEX_WAIT_BITSET|FUTEX_CLOCK_REALTIME, 0, NULL, 0xffffffff)       = 0
[pid 27855] rt_sigreturn({mask=[]}) = 0
[pid 27854] kill(27854, SIGRT_8)        = 0
[pid 27855] read(6,"\0\0\0\0\v\0\0\0", 8) = 8
[pid 27854] --- SIGRT_8 {si_signo=SIGRT_8, si_code=SI_USER, si_pid=27854, si_uid=1000} ---
[pid 27854] getpid()                    = 27854
[pid 27854] futex(0x7f7e5fafb720, FUTEX_WAKE, 1)       = 1
[pid 27839] wait4(27856,NULL, WSTOPPED, NULL) = 27856
[pid 27854] rt_sigreturn({mask=[]}) = 0
[pid 27839] kill(27856, SIGCONT)        = 0
[pid 27854] read(4,"\6\0\0\0\n\0\0\0", 8) = 8
[pid 27839] --- SIGCHLD {si_signo=SIGCHLD, si_code=CLD_CONTINUED, si_pid=27856, si_uid=1000, si_status=SIGCONT, si_utime=0, si_stime=0} ---
[pid 27856] --- SIGCONT {si_signo=SIGCONT, si_code=SI_USER, si_pid=27839, si_uid=1000} ---
[pid 27839] futex(0x7f7e6085e720, FUTEX_WAIT_BITSET|FUTEX_CLOCK_REALTIME, 0, NULL, 0xffffffff)       = ? ERESTARTSYS (To be restarted if SA_RESTART is set)
[pid 27856] write(5, "\6\0\0\0\n\0\0\0", 8) = 8
[pid 27856] write(7, "\0\0\0\0\v\0\0\0", 8)       = 8
[pid 27854] getpid()      = 27854
[pid 27856] getpid()      = 27856
[pid 27855] getpid()      = 27855
[pid 27856] kill(27856, SIGSTOP)        = 0
[pid 27855] kill(27855, SIGRT_2)        = 0
[pid 27856] --- SIGSTOP {si_signo=SIGSTOP, si_code=SI_USER, si_pid=27856, si_uid=1000} ---
[pid 27855] --- SIGRT_2 {si_signo=SIGRT_2, si_code=SI_USER, si_pid=27855, si_uid=1000} ---
[pid 27856] --- stopped by SIGSTOP ---
[pid 27839] --- SIGCHLD {si_signo=SIGCHLD, si_code=CLD_STOPPED, si_pid=27856, si_uid=1000, si_status=SIGSTOP, si_utime=0, si_stime=0} ---
[pid 27855] getpid()      = 27855
[pid 27839] futex(0x7f7e6085e720, FUTEX_WAIT_BITSET|FUTEX_CLOCK_REALTIME, 0, NULL, 0xffffffff)       = 0
[pid 27855] rt_sigreturn({mask=[]}) = 0
[pid 27854] kill(27854, SIGRT_8)        = 0
[pid 27855] read(6,"\6\0\0\0\v\0\0\0", 8) = 8
[pid 27854] --- SIGRT_8 {si_signo=SIGRT_8, si_code=SI_USER, si_pid=27854, si_uid=1000} ---
[pid 27854] getpid()                    = 27854
[pid 27854] futex(0x7f7e5fafb720, FUTEX_WAKE, 1)       = 1
[pid 27839] wait4(27856,NULL, WSTOPPED, NULL) = 27856
[pid 27854] rt_sigreturn({mask=[]}) = 0
[pid 27839] kill(27856, SIGCONT)        = 0
[pid 27854] read(4,"\1\0\0\0\n\0\0\0", 8) = 8
[pid 27839] --- SIGCHLD {si_signo=SIGCHLD, si_code=CLD_CONTINUED, si_pid=27856, si_uid=1000, si_status=SIGCONT, si_utime=0, si_stime=0} ---
[pid 27856] --- SIGCONT {si_signo=SIGCONT, si_code=SI_USER, si_pid=27839, si_uid=1000} ---
[pid 27839] futex(0x7f7e6085e720, FUTEX_WAIT_BITSET|FUTEX_CLOCK_REALTIME, 0, NULL, 0xffffffff)       = ? ERESTARTSYS (To be restarted if SA_RESTART is set)
[pid 27856] write(5, "\1\0\0\0\n\0\0\0", 8) = 8
[pid 27856] write(7, "\6\0\0\0\v\0\0\0", 8)       = 8
[pid 27854] getpid()      = 27854
[pid 27856] getpid()      = 27856
[pid 27855] getpid()      = 27855
[pid 27856] kill(27856, SIGSTOP)        = 0
[pid 27855] kill(27855, SIGRT_8)        = 0
[pid 27856] --- SIGSTOP {si_signo=SIGSTOP, si_code=SI_USER, si_pid=27856, si_uid=1000} ---
[pid 27855] --- SIGRT_8 {si_signo=SIGRT_8, si_code=SI_USER, si_pid=27855, si_uid=1000} ---
[pid 27856] --- stopped by SIGSTOP ---
[pid 27839] --- SIGCHLD {si_signo=SIGCHLD, si_code=CLD_STOPPED, si_pid=27856, si_uid=1000, si_status=SIGSTOP, si_utime=0, si_stime=0} ---
[pid 27855] getpid()      = 27855
[pid 27839] futex(0x7f7e6085e720, FUTEX_WAIT_BITSET|FUTEX_CLOCK_REALTIME, 0, NULL, 0xffffffff)       = 0
[pid 27855] rt_sigreturn({mask=[]}) = 0
[pid 27854] kill(27854, SIGRT_3)        = 0
[pid 27855] read(6,"\6\0\0\0\v\0\0\0", 8) = 8
[pid 27854] --- SIGRT_3 {si_signo=SIGRT_3, si_code=SI_USER, si_pid=27854, si_uid=1000} ---
[pid 27854] getpid()                    = 27854
[pid 27854] getpid()                    = 27854
[pid 27854] futex(0x7f7e5fafb720, FUTEX_WAKE, 1)       = 1
[pid 27839] wait4(27856,NULL, WSTOPPED, NULL) = 27856
[pid 27854] rt_sigreturn({mask=[]}) = 0
[pid 27839] kill(27856, SIGCONT)        = 0
[pid 27854] read(4,"\10\0\0\0\n\0\0\0", 8) = 8
[pid 27839] --- SIGCHLD {si_signo=SIGCHLD, si_code=CLD_CONTINUED, si_pid=27856, si_uid=1000, si_status=SIGCONT, si_utime=0, si_stime=0} ---
[pid 27856] --- SIGCONT {si_signo=SIGCONT, si_code=SI_USER, si_pid=27839, si_uid=1000} ---
[pid 27839] futex(0x7f7e6085e720, FUTEX_WAIT_BITSET|FUTEX_CLOCK_REALTIME, 0, NULL, 0xffffffff)       = ? ERESTARTSYS (To be restarted if SA_RESTART is set)
[pid 27856] write(5, "\10\0\0\0\n\0\0\0", 8) = 8
[pid 27856] write(7, "\6\0\0\0\v\0\0\0", 8)       = 8
[pid 27854] getpid()      = 27854
[pid 27856] getpid()      = 27856
[pid 27855] getpid()      = 27855
[pid 27856] kill(27856, SIGSTOP)        = 0
[pid 27855] kill(27855, SIGRT_8)        = 0
[pid 27856] --- SIGSTOP {si_signo=SIGSTOP, si_code=SI_USER, si_pid=27856, si_uid=1000} ---
[pid 27855] --- SIGRT_8 {si_signo=SIGRT_8, si_code=SI_USER, si_pid=27855, si_uid=1000} ---
[pid 27856] --- stopped by SIGSTOP ---
[pid 27839] --- SIGCHLD {si_signo=SIGCHLD, si_code=CLD_STOPPED, si_pid=27856, si_uid=1000, si_status=SIGSTOP, si_utime=0, si_stime=0} ---
[pid 27855] getpid()      = 27855
[pid 27839] futex(0x7f7e6085e720, FUTEX_WAIT_BITSET|FUTEX_CLOCK_REALTIME, 0, NULL, 0xffffffff)       = 0
[pid 27855] rt_sigreturn({mask=[]}) = 0
[pid 27854] kill(27854, SIGRT_10)        = 0
[pid 27855] read(6,"\6\0\0\0\v\0\0\0", 8) = 8
[pid 27854] --- SIGRT_10 {si_signo=SIGRT_10, si_code=SI_USER, si_pid=27854, si_uid=1000} ---
[pid 27854] getpid()                    = 27854
[pid 27854] futex(0x7f7e5fafb720, FUTEX_WAKE, 1)       = 1
[pid 27839] wait4(27856,NULL, WSTOPPED, NULL) = 27856
[pid 27854] rt_sigreturn({mask=[]}) = 0
[pid 27839] kill(27856, SIGCONT)        = 0
[pid 27854] read(4,"\0\0\0\0\n\0\0\0", 8) = 8
[pid 27839] --- SIGCHLD {si_signo=SIGCHLD, si_code=CLD_CONTINUED, si_pid=27856, si_uid=1000, si_status=SIGCONT, si_utime=0, si_stime=0} ---
[pid 27856] --- SIGCONT {si_signo=SIGCONT, si_code=SI_USER, si_pid=27839, si_uid=1000} ---
[pid 27839] futex(0x7f7e6085e720, FUTEX_WAIT_BITSET|FUTEX_CLOCK_REALTIME, 0, NULL, 0xffffffff)       = ? ERESTARTSYS (To be restarted if SA_RESTART is set)
[pid 27856] write(5, "\0\0\0\0\n\0\0\0", 8) = 8
[pid 27856] write(7, "\6\0\0\0\v\0\0\0", 8)       = 8
[pid 27854] getpid()      = 27854
[pid 27856] getpid()      = 27856
[pid 27855] getpid()      = 27855
[pid 27856] kill(27856, SIGSTOP)        = 0
[pid 27855] kill(27855, SIGRT_8)        = 0
[pid 27856] --- SIGSTOP {si_signo=SIGSTOP, si_code=SI_USER, si_pid=27856, si_uid=1000} ---
[pid 27855] --- SIGRT_8 {si_signo=SIGRT_8, si_code=SI_USER, si_pid=27855, si_uid=1000} ---
[pid 27856] --- stopped by SIGSTOP ---
[pid 27839] --- SIGCHLD {si_signo=SIGCHLD, si_code=CLD_STOPPED, si_pid=27856, si_uid=1000, si_status=SIGSTOP, si_utime=0, si_stime=0} ---
[pid 27855] getpid()      = 27855
[pid 27839] futex(0x7f7e6085e720, FUTEX_WAIT_BITSET|FUTEX_CLOCK_REALTIME, 0, NULL, 0xffffffff)       = 0
[pid 27855] rt_sigreturn({mask=[]}) = 0
[pid 27854] kill(27854, SIGRT_2)        = 0
[pid 27855] read(6,"\0\0\0\0\v\0\0\0", 8) = 8
[pid 27854] --- SIGRT_2 {si_signo=SIGRT_2, si_code=SI_USER, si_pid=27854, si_uid=1000} ---
[pid 27854] getpid()                    = 27854
[pid 27854] futex(0x7f7e5fafb720, FUTEX_WAKE, 1)       = 1
[pid 27839] wait4(27856,NULL, WSTOPPED, NULL) = 27856
[pid 27854] rt_sigreturn({mask=[]}) = 0
[pid 27839] kill(27856, SIGCONT)        = 0
[pid 27854] read(4,"\10\0\0\0\n\0\0\0", 8) = 8
[pid 27839] --- SIGCHLD {si_signo=SIGCHLD, si_code=CLD_CONTINUED, si_pid=27856, si_uid=1000, si_status=SIGCONT, si_utime=0, si_stime=0} ---
[pid 27856] --- SIGCONT {si_signo=SIGCONT, si_code=SI_USER, si_pid=27839, si_uid=1000} ---
[pid 27839] futex(0x7f7e6085e720, FUTEX_WAIT_BITSET|FUTEX_CLOCK_REALTIME, 0, NULL, 0xffffffff)       = ? ERESTARTSYS (To be restarted if SA_RESTART is set)
[pid 27856] write(5, "\10\0\0\0\n\0\0\0", 8) = 8
[pid 27856] write(7, "\0\0\0\0\v\0\0\0", 8)       = 8
[pid 27854] getpid()      = 27854
[pid 27856] getpid()      = 27856
[pid 27855] getpid()      = 27855
[pid 27856] kill(27856, SIGSTOP)        = 0
[pid 27855] kill(27855, SIGRT_2)        = 0
[pid 27856] --- SIGSTOP {si_signo=SIGSTOP, si_code=SI_USER, si_pid=27856, si_uid=1000} ---
[pid 27855] --- SIGRT_2 {si_signo=SIGRT_2, si_code=SI_USER, si_pid=27855, si_uid=1000} ---
[pid 27856] --- stopped by SIGSTOP ---
[pid 27839] --- SIGCHLD {si_signo=SIGCHLD, si_code=CLD_STOPPED, si_pid=27856, si_uid=1000, si_status=SIGSTOP, si_utime=0, si_stime=0} ---
[pid 27855] getpid()      = 27855
[pid 27839] futex(0x7f7e6085e720, FUTEX_WAIT_BITSET|FUTEX_CLOCK_REALTIME, 0, NULL, 0xffffffff)       = 0
[pid 27855] rt_sigreturn({mask=[]}) = 0
[pid 27854] kill(27854, SIGRT_10)        = 0
[pid 27855] read(6,"\10\0\0\0\v\0\0\0", 8) = 8
[pid 27854] --- SIGRT_10 {si_signo=SIGRT_10, si_code=SI_USER, si_pid=27854, si_uid=1000} ---
[pid 27854] getpid()                    = 27854
[pid 27854] futex(0x7f7e5fafb720, FUTEX_WAKE, 1)       = 1
[pid 27839] wait4(27856,NULL, WSTOPPED, NULL) = 27856
[pid 27854] rt_sigreturn({mask=[]}) = 0
[pid 27839] kill(27856, SIGCONT)        = 0
[pid 27854] read(4,"\6\0\0\0\n\0\0\0", 8) = 8
[pid 27839] --- SIGCHLD {si_signo=SIGCHLD, si_code=CLD_CONTINUED, si_pid=27856, si_uid=1000, si_status=SIGCONT, si_utime=0, si_stime=0} ---
[pid 27856] --- SIGCONT {si_signo=SIGCONT, si_code=SI_USER, si_pid=27839, si_uid=1000} ---
[pid 27839] futex(0x7f7e6085e720, FUTEX_WAIT_BITSET|FUTEX_CLOCK_REALTIME, 0, NULL, 0xffffffff)       = ? ERESTARTSYS (To be restarted if SA_RESTART is set)
[pid 27856] write(5, "\6\0\0\0\n\0\0\0", 8) = 8
[pid 27856] write(7, "\10\0\0\0\v\0\0\0", 8)       = 8
[pid 27854] getpid()      = 27854
[pid 27856] getpid()      = 27856
[pid 27855] getpid()      = 27855
[pid 27856] kill(27856, SIGSTOP)        = 0
[pid 27855] kill(27855, SIGRT_10)        = 0
[pid 27856] --- SIGSTOP {si_signo=SIGSTOP, si_code=SI_USER, si_pid=27856, si_uid=1000} ---
[pid 27855] --- SIGRT_10 {si_signo=SIGRT_10, si_code=SI_USER, si_pid=27855, si_uid=1000} ---
[pid 27856] --- stopped by SIGSTOP ---
[pid 27839] --- SIGCHLD {si_signo=SIGCHLD, si_code=CLD_STOPPED, si_pid=27856, si_uid=1000, si_status=SIGSTOP, si_utime=0, si_stime=0} ---
[pid 27855] getpid()      = 27855
[pid 27839] futex(0x7f7e6085e720, FUTEX_WAIT_BITSET|FUTEX_CLOCK_REALTIME, 0, NULL, 0xffffffff)       = 0
[pid 27855] rt_sigreturn({mask=[]}) = 0
[pid 27854] kill(27854, SIGRT_8)        = 0
[pid 27855] read(6,"\5\0\0\0\v\0\0\0", 8) = 8
[pid 27854] --- SIGRT_8 {si_signo=SIGRT_8, si_code=SI_USER, si_pid=27854, si_uid=1000} ---
[pid 27854] getpid()                    = 27854
[pid 27854] futex(0x7f7e5fafb720, FUTEX_WAKE, 1)       = 1
[pid 27839] wait4(27856,NULL, WSTOPPED, NULL) = 27856
[pid 27854] rt_sigreturn({mask=[]}) = 0
[pid 27839] kill(27856, SIGCONT)        = 0
[pid 27854] read(4,"\6\0\0\0\n\0\0\0", 8) = 8
[pid 27839] --- SIGCHLD {si_signo=SIGCHLD, si_code=CLD_CONTINUED, si_pid=27856, si_uid=1000, si_status=SIGCONT, si_utime=0, si_stime=0} ---
[pid 27856] --- SIGCONT {si_signo=SIGCONT, si_code=SI_USER, si_pid=27839, si_uid=1000} ---
[pid 27839] futex(0x7f7e6085e720, FUTEX_WAIT_BITSET|FUTEX_CLOCK_REALTIME, 0, NULL, 0xffffffff)       = ? ERESTARTSYS (To be restarted if SA_RESTART is set)
[pid 27856] write(5, "\6\0\0\0\n\0\0\0", 8) = 8
[pid 27856] write(7, "\5\0\0\0\v\0\0\0", 8)       = 8
[pid 27854] getpid()      = 27854
[pid 27856] getpid()      = 27856
[pid 27855] getpid()      = 27855
[pid 27856] kill(27856, SIGSTOP)        = 0
[pid 27855] kill(27855, SIGRT_7)        = 0
[pid 27856] --- SIGSTOP {si_signo=SIGSTOP, si_code=SI_USER, si_pid=27856, si_uid=1000} ---
[pid 27855] --- SIGRT_7 {si_signo=SIGRT_7, si_code=SI_USER, si_pid=27855, si_uid=1000} ---
[pid 27856] --- stopped by SIGSTOP ---
[pid 27839] --- SIGCHLD {si_signo=SIGCHLD, si_code=CLD_STOPPED, si_pid=27856, si_uid=1000, si_status=SIGSTOP, si_utime=0, si_stime=0} ---
[pid 27855] getpid()      = 27855
[pid 27839] futex(0x7f7e6085e720, FUTEX_WAIT_BITSET|FUTEX_CLOCK_REALTIME, 0, NULL, 0xffffffff)       = 0
[pid 27855] rt_sigreturn({mask=[]}) = 0
[pid 27854] kill(27854, SIGRT_8)        = 0
[pid 27855] read(6,"\0\0\0\0\v\0\0\0", 8) = 8
[pid 27854] --- SIGRT_8 {si_signo=SIGRT_8, si_code=SI_USER, si_pid=27854, si_uid=1000} ---
[pid 27854] getpid()                    = 27854
[pid 27854] futex(0x7f7e5fafb720, FUTEX_WAKE, 1)       = 1
[pid 27839] wait4(27856,NULL, WSTOPPED, NULL) = 27856
[pid 27854] rt_sigreturn({mask=[]}) = 0
[pid 27839] kill(27856, SIGCONT)        = 0
[pid 27854] read(4,"\6\0\0\0\n\0\0\0", 8) = 8
[pid 27839] --- SIGCHLD {si_signo=SIGCHLD, si_code=CLD_CONTINUED, si_pid=27856, si_uid=1000, si_status=SIGCONT, si_utime=0, si_stime=0} ---
[pid 27856] --- SIGCONT {si_signo=SIGCONT, si_code=SI_USER, si_pid=27839, si_uid=1000} ---
[pid 27839] futex(0x7f7e6085e720, FUTEX_WAIT_BITSET|FUTEX_CLOCK_REALTIME, 0, NULL, 0xffffffff)       = ? ERESTARTSYS (To be restarted if SA_RESTART is set)
[pid 27856] write(5, "\6\0\0\0\n\0\0\0", 8) = 8
[pid 27856] write(7, "\0\0\0\0\v\0\0\0", 8)       = 8
[pid 27854] getpid()      = 27854
[pid 27856] getpid()      = 27856
[pid 27855] getpid()      = 27855
[pid 27856] kill(27856, SIGSTOP)        = 0
[pid 27855] kill(27855, SIGRT_2)        = 0
[pid 27856] --- SIGSTOP {si_signo=SIGSTOP, si_code=SI_USER, si_pid=27856, si_uid=1000} ---
[pid 27855] --- SIGRT_2 {si_signo=SIGRT_2, si_code=SI_USER, si_pid=27855, si_uid=1000} ---
[pid 27856] --- stopped by SIGSTOP ---
[pid 27839] --- SIGCHLD {si_signo=SIGCHLD, si_code=CLD_STOPPED, si_pid=27856, si_uid=1000, si_status=SIGSTOP, si_utime=0, si_stime=0} ---
[pid 27855] getpid()      = 27855
[pid 27839] futex(0x7f7e6085e720, FUTEX_WAIT_BITSET|FUTEX_CLOCK_REALTIME, 0, NULL, 0xffffffff)       = 0
[pid 27855] rt_sigreturn({mask=[]}) = 0
[pid 27854] kill(27854, SIGRT_8)        = 0
[pid 27855] read(6,"\6\0\0\0\v\0\0\0", 8) = 8
[pid 27854] --- SIGRT_8 {si_signo=SIGRT_8, si_code=SI_USER, si_pid=27854, si_uid=1000} ---
[pid 27854] getpid()                    = 27854
[pid 27854] futex(0x7f7e5fafb720, FUTEX_WAKE, 1)       = 1
[pid 27839] wait4(27856,NULL, WSTOPPED, NULL) = 27856
[pid 27854] rt_sigreturn({mask=[]}) = 0
[pid 27839] kill(27856, SIGCONT)        = 0
[pid 27854] read(4,"\1\0\0\0\n\0\0\0", 8) = 8
[pid 27839] --- SIGCHLD {si_signo=SIGCHLD, si_code=CLD_CONTINUED, si_pid=27856, si_uid=1000, si_status=SIGCONT, si_utime=0, si_stime=0} ---
[pid 27856] --- SIGCONT {si_signo=SIGCONT, si_code=SI_USER, si_pid=27839, si_uid=1000} ---
[pid 27839] futex(0x7f7e6085e720, FUTEX_WAIT_BITSET|FUTEX_CLOCK_REALTIME, 0, NULL, 0xffffffff)       = ? ERESTARTSYS (To be restarted if SA_RESTART is set)
[pid 27856] write(5, "\1\0\0\0\n\0\0\0", 8) = 8
[pid 27856] write(7, "\6\0\0\0\v\0\0\0", 8)       = 8
[pid 27854] getpid()      = 27854
[pid 27856] getpid()      = 27856
[pid 27855] getpid()      = 27855
[pid 27856] kill(27856, SIGSTOP)        = 0
[pid 27855] kill(27855, SIGRT_8)        = 0
[pid 27856] --- SIGSTOP {si_signo=SIGSTOP, si_code=SI_USER, si_pid=27856, si_uid=1000} ---
[pid 27855] --- SIGRT_8 {si_signo=SIGRT_8, si_code=SI_USER, si_pid=27855, si_uid=1000} ---
[pid 27856] --- stopped by SIGSTOP ---
[pid 27839] --- SIGCHLD {si_signo=SIGCHLD, si_code=CLD_STOPPED, si_pid=27856, si_uid=1000, si_status=SIGSTOP, si_utime=0, si_stime=0} ---
[pid 27855] getpid()      = 27855
[pid 27839] futex(0x7f7e6085e720, FUTEX_WAIT_BITSET|FUTEX_CLOCK_REALTIME, 0, NULL, 0xffffffff)       = 0
[pid 27855] rt_sigreturn({mask=[]}) = 0
[pid 27854] kill(27854, SIGRT_3)        = 0
[pid 27855] read(6,"\6\0\0\0\v\0\0\0", 8) = 8
[pid 27854] --- SIGRT_3 {si_signo=SIGRT_3, si_code=SI_USER, si_pid=27854, si_uid=1000} ---
[pid 27854] getpid()                    = 27854
[pid 27854] getpid()                    = 27854
[pid 27854] futex(0x7f7e5fafb720, FUTEX_WAKE, 1)       = 1
[pid 27839] wait4(27856,NULL, WSTOPPED, NULL) = 27856
[pid 27854] rt_sigreturn({mask=[]}) = 0
[pid 27839] kill(27856, SIGCONT)        = 0
[pid 27854] read(4,"\10\0\0\0\n\0\0\0", 8) = 8
[pid 27839] --- SIGCHLD {si_signo=SIGCHLD, si_code=CLD_CONTINUED, si_pid=27856, si_uid=1000, si_status=SIGCONT, si_utime=0, si_stime=0} ---
[pid 27856] --- SIGCONT {si_signo=SIGCONT, si_code=SI_USER, si_pid=27839, si_uid=1000} ---
[pid 27839] futex(0x7f7e6085e720, FUTEX_WAIT_BITSET|FUTEX_CLOCK_REALTIME, 0, NULL, 0xffffffff)       = ? ERESTARTSYS (To be restarted if SA_RESTART is set)
[pid 27856] write(5, "\10\0\0\0\n\0\0\0", 8) = 8
[pid 27856] write(7, "\6\0\0\0\v\0\0\0", 8)       = 8
[pid 27854] getpid()      = 27854
[pid 27856] getpid()      = 27856
[pid 27855] getpid()      = 27855
[pid 27856] kill(27856, SIGSTOP)        = 0
[pid 27855] kill(27855, SIGRT_8)        = 0
[pid 27856] --- SIGSTOP {si_signo=SIGSTOP, si_code=SI_USER, si_pid=27856, si_uid=1000} ---
[pid 27855] --- SIGRT_8 {si_signo=SIGRT_8, si_code=SI_USER, si_pid=27855, si_uid=1000} ---
[pid 27856] --- stopped by SIGSTOP ---
[pid 27839] --- SIGCHLD {si_signo=SIGCHLD, si_code=CLD_STOPPED, si_pid=27856, si_uid=1000, si_status=SIGSTOP, si_utime=0, si_stime=0} ---
[pid 27855] getpid()      = 27855
[pid 27839] futex(0x7f7e6085e720, FUTEX_WAIT_BITSET|FUTEX_CLOCK_REALTIME, 0, NULL, 0xffffffff)       = 0
[pid 27855] rt_sigreturn({mask=[]}) = 0
[pid 27854] kill(27854, SIGRT_10)        = 0
[pid 27855] read(6,"\6\0\0\0\v\0\0\0", 8) = 8
[pid 27854] --- SIGRT_10 {si_signo=SIGRT_10, si_code=SI_USER, si_pid=27854, si_uid=1000} ---
[pid 27854] getpid()                    = 27854
[pid 27854] futex(0x7f7e5fafb720, FUTEX_WAKE, 1)       = 1
