[pid 27839] futex(0x7f7e6085e720, FUTEX_WAIT_BITSET|FUTEX_CLOCK_REALTIME, 0, NULL, 0xffffffff)       = 0
[pid 27854] getpid()      = 27854
[pid 27855] rt_sigreturn({mask=[]}) = 0
[pid 27854] kill(27854, SIGRT_3)        = 0
[pid 27855] read(6,"\6\0\0\0\v\0\0\0", 8) = 8
[pid 27854] --- SIGRT_3 {si_signo=SIGRT_3, si_code=SI_USER, si_pid=27854, si_uid=1000} ---
[pid 27854] getpid()                    = 27854
[pid 27854] getpid()                    = 27854
[pid 27854] futex(0x7f7e5fafb720, FUTEX_WAKE, 1)       = 1
[pid 27839] wait4(27856,NULL, WSTOPPED, NULL) = 27856
[pid 27854] rt_sigreturn({mask=[]}) = 0
[pid 27839] kill(27856, SIGCONT)        = 0
[pid 27854] read(4,"\10\0\0\0\n\0\0\0", 8) = 8
[pid 27839] --- SIGCHLD {si_signo=SIGCHLD, si_code=CLD_CONTINUED, si_pid=27856, si_uid=1000, si_status=SIGCONT, si_utime=0, si_stime=0} ---
[pid 27856] --- SIGCONT {si_signo=SIGCONT, si_code=SI_USER, si_pid=27839, si_uid=1000} ---
[pid 27839] futex(0x7f7e6085e720, FUTEX_WAIT_BITSET|FUTEX_CLOCK_REALTIME, 0, NULL, 0xffffffff)       = ? ERESTARTSYS (To be restarted if SA_RESTART is set)
[pid 27856] write(5, "\10\0\0\0\n\0\0\0", 8) = 8
[pid 27856] write(7, "\6\0\0\0\v\0\0\0", 8)       = 8
[pid 27854] getpid()      = 27854
[pid 27856] getpid()      = 27856
[pid 27855] getpid()      = 27855
[pid 27856] kill(27856, SIGSTOP)        = 0
[pid 27855] kill(27855, SIGRT_8)        = 0
[pid 27856] --- SIGSTOP {si_signo=SIGSTOP, si_code=SI_USER, si_pid=27856, si_uid=1000} ---
[pid 27855] --- SIGRT_8 {si_signo=SIGRT_8, si_code=SI_USER, si_pid=27855, si_uid=1000} ---
[pid 27856] --- stopped by SIGSTOP ---
[pid 27839] --- SIGCHLD {si_signo=SIGCHLD, si_code=CLD_STOPPED, si_pid=27856, si_uid=1000, si_status=SIGSTOP, si_utime=0, si_stime=0} ---
[pid 27855] getpid()      = 27855
[pid 27839] futex(0x7f7e6085e720, FUTEX_WAIT_BITSET|FUTEX_CLOCK_REALTIME, 0, NULL, 0xffffffff)       = 0
[pid 27855] rt_sigreturn({mask=[]}) = 0
[pid 27854] kill(27854, SIGRT_10)        = 0
[pid 27855] read(6,"\6\0\0\0\v\0\0\0", 8) = 8
[pid 27854] --- SIGRT_10 {si_signo=SIGRT_10, si_code=SI_USER, si_pid=27854, si_uid=1000} ---
[pid 27854] getpid()                    = 27854
[pid 27854] futex(0x7f7e5fafb720, FUTEX_WAKE, 1)       = 1
[pid 27839] wait4(27856,NULL, WSTOPPED, NULL) = 27856
[pid 27854] rt_sigreturn({mask=[]}) = 0
[pid 27839] kill(27856, SIGCONT)        = 0
[pid 27854] read(4,"\0\0\0\0\n\0\0\0", 8) = 8
[pid 27839] --- SIGCHLD {si_signo=SIGCHLD, si_code=CLD_CONTINUED, si_pid=27856, si_uid=1000, si_status=SIGCONT, si_utime=0, si_stime=0} ---
[pid 27856] --- SIGCONT {si_signo=SIGCONT, si_code=SI_USER, si_pid=27839, si_uid=1000} ---
[pid 27839] futex(0x7f7e6085e720, FUTEX_WAIT_BITSET|FUTEX_CLOCK_REALTIME, 0, NULL, 0xffffffff)       = ? ERESTARTSYS (To be restarted if SA_RESTART is set)
[pid 27856] write(5, "\0\0\0\0\n\0\0\0", 8) = 8
[pid 27856] write(7, "\6\0\0\0\v\0\0\0", 8)       = 8
[pid 27854] getpid()      = 27854
[pid 27856] getpid()      = 27856
[pid 27855] getpid()      = 27855
[pid 27856] kill(27856, SIGSTOP)        = 0
[pid 27855] kill(27855, SIGRT_8)        = 0
[pid 27856] --- SIGSTOP {si_signo=SIGSTOP, si_code=SI_USER, si_pid=27856, si_uid=1000} ---
[pid 27855] --- SIGRT_8 {si_signo=SIGRT_8, si_code=SI_USER, si_pid=27855, si_uid=1000} ---
[pid 27856] --- stopped by SIGSTOP ---
[pid 27839] --- SIGCHLD {si_signo=SIGCHLD, si_code=CLD_STOPPED, si_pid=27856, si_uid=1000, si_status=SIGSTOP, si_utime=0, si_stime=0} ---
[pid 27855] getpid()      = 27855
[pid 27839] futex(0x7f7e6085e720, FUTEX_WAIT_BITSET|FUTEX_CLOCK_REALTIME, 0, NULL, 0xffffffff)       = 0
[pid 27855] rt_sigreturn({mask=[]}) = 0
[pid 27854] kill(27854, SIGRT_2)        = 0
[pid 27855] read(6,"\0\0\0\0\v\0\0\0", 8) = 8
[pid 27854] --- SIGRT_2 {si_signo=SIGRT_2, si_code=SI_USER, si_pid=27854, si_uid=1000} ---
[pid 27854] getpid()                    = 27854
[pid 27854] futex(0x7f7e5fafb720, FUTEX_WAKE, 1)       = 1
[pid 27839] wait4(27856,NULL, WSTOPPED, NULL) = 27856
[pid 27854] rt_sigreturn({mask=[]}) = 0
[pid 27839] kill(27856, SIGCONT)        = 0
[pid 27854] read(4,"\10\0\0\0\n\0\0\0", 8) = 8
[pid 27839] --- SIGCHLD {si_signo=SIGCHLD, si_code=CLD_CONTINUED, si_pid=27856, si_uid=1000, si_status=SIGCONT, si_utime=0, si_stime=0} ---
[pid 27856] --- SIGCONT {si_signo=SIGCONT, si_code=SI_USER, si_pid=27839, si_uid=1000} ---
[pid 27839] futex(0x7f7e6085e720, FUTEX_WAIT_BITSET|FUTEX_CLOCK_REALTIME, 0, NULL, 0xffffffff)       = ? ERESTARTSYS (To be restarted if SA_RESTART is set)
[pid 27856] write(5, "\10\0\0\0\n\0\0\0", 8) = 8
[pid 27856] write(7, "\0\0\0\0\v\0\0\0", 8)       = 8
[pid 27854] getpid()      = 27854
[pid 27856] getpid()      = 27856
[pid 27855] getpid()      = 27855
[pid 27856] kill(27856, SIGSTOP)        = 0
[pid 27855] kill(27855, SIGRT_2)        = 0
[pid 27856] --- SIGSTOP {si_signo=SIGSTOP, si_code=SI_USER, si_pid=27856, si_uid=1000} ---
[pid 27855] --- SIGRT_2 {si_signo=SIGRT_2, si_code=SI_USER, si_pid=27855, si_uid=1000} ---
[pid 27856] --- stopped by SIGSTOP ---
[pid 27839] --- SIGCHLD {si_signo=SIGCHLD, si_code=CLD_STOPPED, si_pid=27856, si_uid=1000, si_status=SIGSTOP, si_utime=0, si_stime=0} ---
[pid 27855] getpid()      = 27855
[pid 27839] futex(0x7f7e6085e720, FUTEX_WAIT_BITSET|FUTEX_CLOCK_REALTIME, 0, NULL, 0xffffffff)       = 0
[pid 27855] rt_sigreturn({mask=[]}) = 0
[pid 27854] kill(27854, SIGRT_10)        = 0
[pid 27855] read(6,"\10\0\0\0\v\0\0\0", 8) = 8
[pid 27854] --- SIGRT_10 {si_signo=SIGRT_10, si_code=SI_USER, si_pid=27854, si_uid=1000} ---
[pid 27854] getpid()                    = 27854
[pid 27854] futex(0x7f7e5fafb720, FUTEX_WAKE, 1) = 1
[pid 27854] rt_sigreturn({mask=[]}) = 0
[pid 27839] wait4(27856,NULL, WSTOPPED, NULL) = 27856
[pid 27854] read(4,"\6\0\0\0\n\0\0\0", 8) = 8
[pid 27839] kill(27856, SIGCONT)        = 0
[pid 27839] --- SIGCHLD {si_signo=SIGCHLD, si_code=CLD_CONTINUED, si_pid=27856, si_uid=1000, si_status=SIGCONT, si_utime=0, si_stime=0} ---
[pid 27856] --- SIGCONT {si_signo=SIGCONT, si_code=SI_USER, si_pid=27839, si_uid=1000} ---
[pid 27839] futex(0x7f7e6085e720, FUTEX_WAIT_BITSET|FUTEX_CLOCK_REALTIME, 0, NULL, 0xffffffff)       = ? ERESTARTSYS (To be restarted if SA_RESTART is set)
[pid 27856] write(5, "\6\0\0\0\n\0\0\0", 8) = 8
[pid 27856] write(7, "\10\0\0\0\v\0\0\0", 8)       = 8
[pid 27854] getpid()      = 27854
[pid 27856] getpid()      = 27856
[pid 27855] getpid()      = 27855
[pid 27856] kill(27856, SIGSTOP)        = 0
[pid 27855] kill(27855, SIGRT_10)        = 0
[pid 27856] --- SIGSTOP {si_signo=SIGSTOP, si_code=SI_USER, si_pid=27856, si_uid=1000} ---
[pid 27855] --- SIGRT_10 {si_signo=SIGRT_10, si_code=SI_USER, si_pid=27855, si_uid=1000} ---
[pid 27856] --- stopped by SIGSTOP ---
[pid 27839] --- SIGCHLD {si_signo=SIGCHLD, si_code=CLD_STOPPED, si_pid=27856, si_uid=1000, si_status=SIGSTOP, si_utime=0, si_stime=0} ---
[pid 27855] getpid()      = 27855
[pid 27839] futex(0x7f7e6085e720, FUTEX_WAIT_BITSET|FUTEX_CLOCK_REALTIME, 0, NULL, 0xffffffff)       = 0
[pid 27855] rt_sigreturn({mask=[]}) = 0
[pid 27854] kill(27854, SIGRT_8)        = 0
[pid 27855] read(6,"\5\0\0\0\v\0\0\0", 8) = 8
[pid 27854] --- SIGRT_8 {si_signo=SIGRT_8, si_code=SI_USER, si_pid=27854, si_uid=1000} ---
[pid 27854] getpid()                    = 27854
[pid 27854] futex(0x7f7e5fafb720, FUTEX_WAKE, 1)       = 1
[pid 27839] wait4(27856,NULL, WSTOPPED, NULL) = 27856
[pid 27854] rt_sigreturn({mask=[]}) = 0
[pid 27839] kill(27856, SIGCONT)        = 0
[pid 27854] read(4,"\6\0\0\0\n\0\0\0", 8) = 8
[pid 27839] --- SIGCHLD {si_signo=SIGCHLD, si_code=CLD_CONTINUED, si_pid=27856, si_uid=1000, si_status=SIGCONT, si_utime=0, si_stime=0} ---
[pid 27856] --- SIGCONT {si_signo=SIGCONT, si_code=SI_USER, si_pid=27839, si_uid=1000} ---
[pid 27839] futex(0x7f7e6085e720, FUTEX_WAIT_BITSET|FUTEX_CLOCK_REALTIME, 0, NULL, 0xffffffff)       = ? ERESTARTSYS (To be restarted if SA_RESTART is set)
[pid 27856] write(5, "\6\0\0\0\n\0\0\0", 8) = 8
[pid 27856] write(7, "\5\0\0\0\v\0\0\0", 8)       = 8
[pid 27854] getpid()      = 27854
[pid 27856] getpid()      = 27856
[pid 27855] getpid()      = 27855
[pid 27856] kill(27856, SIGSTOP)        = 0
[pid 27855] kill(27855, SIGRT_7)        = 0
[pid 27856] --- SIGSTOP {si_signo=SIGSTOP, si_code=SI_USER, si_pid=27856, si_uid=1000} ---
[pid 27855] --- SIGRT_7 {si_signo=SIGRT_7, si_code=SI_USER, si_pid=27855, si_uid=1000} ---
[pid 27856] --- stopped by SIGSTOP ---
[pid 27839] --- SIGCHLD {si_signo=SIGCHLD, si_code=CLD_STOPPED, si_pid=27856, si_uid=1000, si_status=SIGSTOP, si_utime=0, si_stime=0} ---
[pid 27855] getpid()      = 27855
[pid 27839] futex(0x7f7e6085e720, FUTEX_WAIT_BITSET|FUTEX_CLOCK_REALTIME, 0, NULL, 0xffffffff)       = 0
[pid 27855] rt_sigreturn({mask=[]}) = 0
[pid 27854] kill(27854, SIGRT_8)        = 0
[pid 27855] read(6,"\0\0\0\0\v\0\0\0", 8) = 8
[pid 27854] --- SIGRT_8 {si_signo=SIGRT_8, si_code=SI_USER, si_pid=27854, si_uid=1000} ---
[pid 27854] getpid()                    = 27854
[pid 27854] futex(0x7f7e5fafb720, FUTEX_WAKE, 1)       = 1
[pid 27839] wait4(27856,NULL, WSTOPPED, NULL) = 27856
[pid 27854] rt_sigreturn({mask=[]}) = 0
[pid 27839] kill(27856, SIGCONT)        = 0
[pid 27854] read(4,"\6\0\0\0\n\0\0\0", 8) = 8
[pid 27839] --- SIGCHLD {si_signo=SIGCHLD, si_code=CLD_CONTINUED, si_pid=27856, si_uid=1000, si_status=SIGCONT, si_utime=0, si_stime=0} ---
[pid 27856] --- SIGCONT {si_signo=SIGCONT, si_code=SI_USER, si_pid=27839, si_uid=1000} ---
[pid 27839] futex(0x7f7e6085e720, FUTEX_WAIT_BITSET|FUTEX_CLOCK_REALTIME, 0, NULL, 0xffffffff)       = ? ERESTARTSYS (To be restarted if SA_RESTART is set)
[pid 27856] write(5, "\6\0\0\0\n\0\0\0", 8) = 8
[pid 27856] write(7, "\0\0\0\0\v\0\0\0", 8)       = 8
[pid 27854] getpid()      = 27854
[pid 27856] getpid()      = 27856
[pid 27855] getpid()      = 27855
[pid 27856] kill(27856, SIGSTOP)        = 0
[pid 27855] kill(27855, SIGRT_2)        = 0
[pid 27856] --- SIGSTOP {si_signo=SIGSTOP, si_code=SI_USER, si_pid=27856, si_uid=1000} ---
[pid 27855] --- SIGRT_2 {si_signo=SIGRT_2, si_code=SI_USER, si_pid=27855, si_uid=1000} ---
[pid 27856] --- stopped by SIGSTOP ---
[pid 27839] --- SIGCHLD {si_signo=SIGCHLD, si_code=CLD_STOPPED, si_pid=27856, si_uid=1000, si_status=SIGSTOP, si_utime=0, si_stime=0} ---
[pid 27855] getpid()      = 27855
[pid 27839] futex(0x7f7e6085e720, FUTEX_WAIT_BITSET|FUTEX_CLOCK_REALTIME, 0, NULL, 0xffffffff)       = 0
[pid 27855] rt_sigreturn({mask=[]}) = 0
[pid 27854] kill(27854, SIGRT_8)        = 0
[pid 27855] read(6,"\6\0\0\0\v\0\0\0", 8) = 8
[pid 27854] --- SIGRT_8 {si_signo=SIGRT_8, si_code=SI_USER, si_pid=27854, si_uid=1000} ---
[pid 27854] getpid()                    = 27854
[pid 27854] futex(0x7f7e5fafb720, FUTEX_WAKE, 1)       = 1
[pid 27839] wait4(27856,NULL, WSTOPPED, NULL) = 27856
[pid 27854] rt_sigreturn({mask=[]}) = 0
[pid 27839] kill(27856, SIGCONT)        = 0
[pid 27854] read(4,"\1\0\0\0\n\0\0\0", 8) = 8
[pid 27839] --- SIGCHLD {si_signo=SIGCHLD, si_code=CLD_CONTINUED, si_pid=27856, si_uid=1000, si_status=SIGCONT, si_utime=0, si_stime=0} ---
[pid 27856] --- SIGCONT {si_signo=SIGCONT, si_code=SI_USER, si_pid=27839, si_uid=1000} ---
[pid 27839] futex(0x7f7e6085e720, FUTEX_WAIT_BITSET|FUTEX_CLOCK_REALTIME, 0, NULL, 0xffffffff)       = ? ERESTARTSYS (To be restarted if SA_RESTART is set)
[pid 27856] write(5, "\1\0\0\0\n\0\0\0", 8) = 8
[pid 27856] write(7, "\6\0\0\0\v\0\0\0", 8)       = 8
[pid 27854] getpid()      = 27854
[pid 27856] getpid()      = 27856
[pid 27855] getpid()      = 27855
[pid 27856] kill(27856, SIGSTOP)        = 0
[pid 27855] kill(27855, SIGRT_8)        = 0
[pid 27856] --- SIGSTOP {si_signo=SIGSTOP, si_code=SI_USER, si_pid=27856, si_uid=1000} ---
[pid 27855] --- SIGRT_8 {si_signo=SIGRT_8, si_code=SI_USER, si_pid=27855, si_uid=1000} ---
[pid 27856] --- stopped by SIGSTOP ---
[pid 27839] --- SIGCHLD {si_signo=SIGCHLD, si_code=CLD_STOPPED, si_pid=27856, si_uid=1000, si_status=SIGSTOP, si_utime=0, si_stime=0} ---
[pid 27855] getpid()      = 27855
[pid 27839] futex(0x7f7e6085e720, FUTEX_WAIT_BITSET|FUTEX_CLOCK_REALTIME, 0, NULL, 0xffffffff)       = 0
[pid 27855] rt_sigreturn({mask=[]}) = 0
[pid 27854] kill(27854, SIGRT_3)        = 0
[pid 27855] read(6,"\6\0\0\0\v\0\0\0", 8) = 8
[pid 27854] --- SIGRT_3 {si_signo=SIGRT_3, si_code=SI_USER, si_pid=27854, si_uid=1000} ---
[pid 27854] getpid()                    = 27854
[pid 27854] getpid()                    = 27854
[pid 27854] futex(0x7f7e5fafb720, FUTEX_WAKE, 1)       = 1
[pid 27839] wait4(27856,NULL, WSTOPPED, NULL) = 27856
[pid 27854] rt_sigreturn({mask=[]}) = 0
[pid 27839] kill(27856, SIGCONT)        = 0
[pid 27854] read(4,"\10\0\0\0\n\0\0\0", 8) = 8
[pid 27839] --- SIGCHLD {si_signo=SIGCHLD, si_code=CLD_CONTINUED, si_pid=27856, si_uid=1000, si_status=SIGCONT, si_utime=0, si_stime=0} ---
[pid 27856] --- SIGCONT {si_signo=SIGCONT, si_code=SI_USER, si_pid=27839, si_uid=1000} ---
[pid 27839] futex(0x7f7e6085e720, FUTEX_WAIT_BITSET|FUTEX_CLOCK_REALTIME, 0, NULL, 0xffffffff)       = ? ERESTARTSYS (To be restarted if SA_RESTART is set)
[pid 27856] write(5, "\10\0\0\0\n\0\0\0", 8) = 8
[pid 27856] write(7, "\6\0\0\0\v\0\0\0", 8)       = 8
[pid 27854] getpid()      = 27854
[pid 27856] getpid()      = 27856
[pid 27855] getpid()      = 27855
[pid 27856] kill(27856, SIGSTOP)        = 0
[pid 27855] kill(27855, SIGRT_8)        = 0
[pid 27856] --- SIGSTOP {si_signo=SIGSTOP, si_code=SI_USER, si_pid=27856, si_uid=1000} ---
[pid 27855] --- SIGRT_8 {si_signo=SIGRT_8, si_code=SI_USER, si_pid=27855, si_uid=1000} ---
[pid 27856] --- stopped by SIGSTOP ---
[pid 27839] --- SIGCHLD {si_signo=SIGCHLD, si_code=CLD_STOPPED, si_pid=27856, si_uid=1000, si_status=SIGSTOP, si_utime=0, si_stime=0} ---
[pid 27855] getpid()      = 27855
[pid 27839] futex(0x7f7e6085e720, FUTEX_WAIT_BITSET|FUTEX_CLOCK_REALTIME, 0, NULL, 0xffffffff)       = 0
[pid 27855] rt_sigreturn({mask=[]}) = 0
[pid 27854] kill(27854, SIGRT_10)        = 0
[pid 27855] read(6,"\6\0\0\0\v\0\0\0", 8) = 8
[pid 27854] --- SIGRT_10 {si_signo=SIGRT_10, si_code=SI_USER, si_pid=27854, si_uid=1000} ---
[pid 27854] getpid()                    = 27854
[pid 27854] futex(0x7f7e5fafb720, FUTEX_WAKE, 1)       = 1
[pid 27839] wait4(27856,NULL, WSTOPPED, NULL) = 27856
[pid 27854] rt_sigreturn({mask=[]}) = 0
[pid 27839] kill(27856, SIGCONT)        = 0
[pid 27854] read(4,"\0\0\0\0\n\0\0\0", 8) = 8
[pid 27839] --- SIGCHLD {si_signo=SIGCHLD, si_code=CLD_CONTINUED, si_pid=27856, si_uid=1000, si_status=SIGCONT, si_utime=0, si_stime=0} ---
[pid 27856] --- SIGCONT {si_signo=SIGCONT, si_code=SI_USER, si_pid=27839, si_uid=1000} ---
[pid 27839] futex(0x7f7e6085e720, FUTEX_WAIT_BITSET|FUTEX_CLOCK_REALTIME, 0, NULL, 0xffffffff)       = ? ERESTARTSYS (To be restarted if SA_RESTART is set)
[pid 27856] write(5, "\0\0\0\0\n\0\0\0", 8) = 8
[pid 27856] write(7, "\6\0\0\0\v\0\0\0", 8)       = 8
[pid 27854] getpid()      = 27854
[pid 27856] getpid()      = 27856
[pid 27855] getpid()      = 27855
[pid 27856] kill(27856, SIGSTOP)        = 0
[pid 27855] kill(27855, SIGRT_8)        = 0
[pid 27856] --- SIGSTOP {si_signo=SIGSTOP, si_code=SI_USER, si_pid=27856, si_uid=1000} ---
[pid 27855] --- SIGRT_8 {si_signo=SIGRT_8, si_code=SI_USER, si_pid=27855, si_uid=1000} ---
[pid 27856] --- stopped by SIGSTOP ---
[pid 27839] --- SIGCHLD {si_signo=SIGCHLD, si_code=CLD_STOPPED, si_pid=27856, si_uid=1000, si_status=SIGSTOP, si_utime=0, si_stime=0} ---
[pid 27855] getpid()      = 27855
[pid 27839] futex(0x7f7e6085e720, FUTEX_WAIT_BITSET|FUTEX_CLOCK_REALTIME, 0, NULL, 0xffffffff)       = 0
[pid 27855] rt_sigreturn({mask=[]}) = 0
[pid 27854] kill(27854, SIGRT_2)        = 0
[pid 27855] read(6,"\0\0\0\0\v\0\0\0", 8) = 8
[pid 27854] --- SIGRT_2 {si_signo=SIGRT_2, si_code=SI_USER, si_pid=27854, si_uid=1000} ---
[pid 27854] getpid()                    = 27854
[pid 27854] futex(0x7f7e5fafb720, FUTEX_WAKE, 1)       = 1
[pid 27839] wait4(27856,NULL, WSTOPPED, NULL) = 27856
[pid 27854] rt_sigreturn({mask=[]}) = 0
[pid 27839] kill(27856, SIGCONT)        = 0
[pid 27854] read(4,"\10\0\0\0\n\0\0\0", 8) = 8
[pid 27839] --- SIGCHLD {si_signo=SIGCHLD, si_code=CLD_CONTINUED, si_pid=27856, si_uid=1000, si_status=SIGCONT, si_utime=0, si_stime=0} ---
[pid 27856] --- SIGCONT {si_signo=SIGCONT, si_code=SI_USER, si_pid=27839, si_uid=1000} ---
[pid 27839] futex(0x7f7e6085e720, FUTEX_WAIT_BITSET|FUTEX_CLOCK_REALTIME, 0, NULL, 0xffffffff)       = ? ERESTARTSYS (To be restarted if SA_RESTART is set)
[pid 27856] write(5, "\10\0\0\0\n\0\0\0", 8) = 8
[pid 27856] write(7, "\0\0\0\0\v\0\0\0", 8)       = 8
[pid 27854] getpid()      = 27854
[pid 27856] getpid()      = 27856
[pid 27855] getpid()      = 27855
[pid 27856] kill(27856, SIGSTOP)        = 0
[pid 27855] kill(27855, SIGRT_2)        = 0
[pid 27856] --- SIGSTOP {si_signo=SIGSTOP, si_code=SI_USER, si_pid=27856, si_uid=1000} ---
[pid 27855] --- SIGRT_2 {si_signo=SIGRT_2, si_code=SI_USER, si_pid=27855, si_uid=1000} ---
[pid 27856] --- stopped by SIGSTOP ---
[pid 27839] --- SIGCHLD {si_signo=SIGCHLD, si_code=CLD_STOPPED, si_pid=27856, si_uid=1000, si_status=SIGSTOP, si_utime=0, si_stime=0} ---
[pid 27855] getpid()      = 27855
[pid 27839] futex(0x7f7e6085e720, FUTEX_WAIT_BITSET|FUTEX_CLOCK_REALTIME, 0, NULL, 0xffffffff)       = 0
[pid 27855] rt_sigreturn({mask=[]}) = 0
[pid 27854] kill(27854, SIGRT_10)        = 0
[pid 27855] read(6,"\10\0\0\0\v\0\0\0", 8) = 8
[pid 27854] --- SIGRT_10 {si_signo=SIGRT_10, si_code=SI_USER, si_pid=27854, si_uid=1000} ---
[pid 27854] getpid()                    = 27854
[pid 27854] futex(0x7f7e5fafb720, FUTEX_WAKE, 1)       = 1
[pid 27839] wait4(27856,NULL, WSTOPPED, NULL) = 27856
[pid 27854] rt_sigreturn({mask=[]}) = 0
[pid 27839] kill(27856, SIGCONT)        = 0
[pid 27854] read(4,"\6\0\0\0\n\0\0\0", 8) = 8
[pid 27839] --- SIGCHLD {si_signo=SIGCHLD, si_code=CLD_CONTINUED, si_pid=27856, si_uid=1000, si_status=SIGCONT, si_utime=0, si_stime=0} ---
[pid 27856] --- SIGCONT {si_signo=SIGCONT, si_code=SI_USER, si_pid=27839, si_uid=1000} ---
[pid 27839] futex(0x7f7e6085e720, FUTEX_WAIT_BITSET|FUTEX_CLOCK_REALTIME, 0, NULL, 0xffffffff)       = ? ERESTARTSYS (To be restarted if SA_RESTART is set)
[pid 27856] write(5, "\6\0\0\0\n\0\0\0", 8) = 8
[pid 27856] write(7, "\10\0\0\0\v\0\0\0", 8)       = 8
[pid 27854] getpid()      = 27854
[pid 27856] getpid()      = 27856
[pid 27855] getpid()      = 27855
[pid 27856] kill(27856, SIGSTOP)        = 0
[pid 27855] kill(27855, SIGRT_10)        = 0
[pid 27856] --- SIGSTOP {si_signo=SIGSTOP, si_code=SI_USER, si_pid=27856, si_uid=1000} ---
[pid 27855] --- SIGRT_10 {si_signo=SIGRT_10, si_code=SI_USER, si_pid=27855, si_uid=1000} ---
[pid 27856] --- stopped by SIGSTOP ---
[pid 27839] --- SIGCHLD {si_signo=SIGCHLD, si_code=CLD_STOPPED, si_pid=27856, si_uid=1000, si_status=SIGSTOP, si_utime=0, si_stime=0} ---
[pid 27855] getpid()      = 27855
[pid 27839] futex(0x7f7e6085e720, FUTEX_WAIT_BITSET|FUTEX_CLOCK_REALTIME, 0, NULL, 0xffffffff)       = 0
[pid 27855] rt_sigreturn({mask=[]}) = 0
[pid 27854] kill(27854, SIGRT_8)        = 0
[pid 27855] read(6,"\5\0\0\0\v\0\0\0", 8) = 8
[pid 27854] --- SIGRT_8 {si_signo=SIGRT_8, si_code=SI_USER, si_pid=27854, si_uid=1000} ---
[pid 27854] getpid()                    = 27854
[pid 27854] futex(0x7f7e5fafb720, FUTEX_WAKE, 1)       = 1
[pid 27839] wait4(27856,NULL, WSTOPPED, NULL) = 27856
[pid 27854] rt_sigreturn({mask=[]}) = 0
[pid 27839] kill(27856, SIGCONT)        = 0
[pid 27854] read(4,"\6\0\0\0\n\0\0\0", 8) = 8
[pid 27839] --- SIGCHLD {si_signo=SIGCHLD, si_code=CLD_CONTINUED, si_pid=27856, si_uid=1000, si_status=SIGCONT, si_utime=0, si_stime=0} ---
[pid 27856] --- SIGCONT {si_signo=SIGCONT, si_code=SI_USER, si_pid=27839, si_uid=1000} ---
[pid 27839] futex(0x7f7e6085e720, FUTEX_WAIT_BITSET|FUTEX_CLOCK_REALTIME, 0, NULL, 0xffffffff)       = ? ERESTARTSYS (To be restarted if SA_RESTART is set)
[pid 27856] write(5, "\6\0\0\0\n\0\0\0", 8) = 8
[pid 27856] write(7, "\5\0\0\0\v\0\0\0", 8)       = 8
[pid 27854] getpid()      = 27854
[pid 27856] getpid()      = 27856
[pid 27855] getpid()      = 27855
[pid 27856] kill(27856, SIGSTOP)        = 0
[pid 27855] kill(27855, SIGRT_7)        = 0
[pid 27856] --- SIGSTOP {si_signo=SIGSTOP, si_code=SI_USER, si_pid=27856, si_uid=1000} ---
[pid 27855] --- SIGRT_7 {si_signo=SIGRT_7, si_code=SI_USER, si_pid=27855, si_uid=1000} ---
[pid 27856] --- stopped by SIGSTOP ---
[pid 27839] --- SIGCHLD {si_signo=SIGCHLD, si_code=CLD_STOPPED, si_pid=27856, si_uid=1000, si_status=SIGSTOP, si_utime=0, si_stime=0} ---
[pid 27855] getpid()      = 27855
[pid 27839] futex(0x7f7e6085e720, FUTEX_WAIT_BITSET|FUTEX_CLOCK_REALTIME, 0, NULL, 0xffffffff)       = 0
[pid 27855] rt_sigreturn({mask=[]}) = 0
[pid 27854] kill(27854, SIGRT_8)        = 0
[pid 27855] read(6,"\0\0\0\0\v\0\0\0", 8) = 8
[pid 27854] --- SIGRT_8 {si_signo=SIGRT_8, si_code=SI_USER, si_pid=27854, si_uid=1000} ---
[pid 27854] getpid()                    = 27854
[pid 27854] futex(0x7f7e5fafb720, FUTEX_WAKE, 1)       = 1
[pid 27839] wait4(27856,NULL, WSTOPPED, NULL) = 27856
[pid 27854] rt_sigreturn({mask=[]}) = 0
[pid 27839] kill(27856, SIGCONT)        = 0
[pid 27854] read(4,"\6\0\0\0\n\0\0\0", 8) = 8
[pid 27839] --- SIGCHLD {si_signo=SIGCHLD, si_code=CLD_CONTINUED, si_pid=27856, si_uid=1000, si_status=SIGCONT, si_utime=0, si_stime=0} ---
[pid 27856] --- SIGCONT {si_signo=SIGCONT, si_code=SI_USER, si_pid=27839, si_uid=1000} ---
[pid 27839] futex(0x7f7e6085e720, FUTEX_WAIT_BITSET|FUTEX_CLOCK_REALTIME, 0, NULL, 0xffffffff)       = ? ERESTARTSYS (To be restarted if SA_RESTART is set)
[pid 27856] write(5, "\6\0\0\0\n\0\0\0", 8) = 8
[pid 27856] write(7, "\0\0\0\0\v\0\0\0", 8)       = 8
[pid 27854] getpid()      = 27854
[pid 27856] getpid()      = 27856
[pid 27855] getpid()      = 27855
[pid 27856] kill(27856, SIGSTOP)        = 0
[pid 27855] kill(27855, SIGRT_2)        = 0
[pid 27856] --- SIGSTOP {si_signo=SIGSTOP, si_code=SI_USER, si_pid=27856, si_uid=1000} ---
[pid 27855] --- SIGRT_2 {si_signo=SIGRT_2, si_code=SI_USER, si_pid=27855, si_uid=1000} ---
[pid 27856] --- stopped by SIGSTOP ---
[pid 27839] --- SIGCHLD {si_signo=SIGCHLD, si_code=CLD_STOPPED, si_pid=27856, si_uid=1000, si_status=SIGSTOP, si_utime=0, si_stime=0} ---
[pid 27855] getpid()      = 27855
[pid 27839] futex(0x7f7e6085e720, FUTEX_WAIT_BITSET|FUTEX_CLOCK_REALTIME, 0, NULL, 0xffffffff)       = 0
[pid 27855] rt_sigreturn({mask=[]}) = 0
[pid 27854] kill(27854, SIGRT_8)        = 0
[pid 27855] read(6,"\6\0\0\0\v\0\0\0", 8) = 8
[pid 27854] --- SIGRT_8 {si_signo=SIGRT_8, si_code=SI_USER, si_pid=27854, si_uid=1000} ---
[pid 27854] getpid()                    = 27854
[pid 27854] futex(0x7f7e5fafb720, FUTEX_WAKE, 1)       = 1
[pid 27839] wait4(27856,NULL, WSTOPPED, NULL) = 27856
[pid 27854] rt_sigreturn({mask=[]}) = 0
[pid 27839] kill(27856, SIGCONT)        = 0
[pid 27854] read(4,"\1\0\0\0\n\0\0\0", 8) = 8
[pid 27839] --- SIGCHLD {si_signo=SIGCHLD, si_code=CLD_CONTINUED, si_pid=27856, si_uid=1000, si_status=SIGCONT, si_utime=0, si_stime=0} ---
[pid 27856] --- SIGCONT {si_signo=SIGCONT, si_code=SI_USER, si_pid=27839, si_uid=1000} ---
[pid 27839] futex(0x7f7e6085e720, FUTEX_WAIT_BITSET|FUTEX_CLOCK_REALTIME, 0, NULL, 0xffffffff)       = ? ERESTARTSYS (To be restarted if SA_RESTART is set)
[pid 27856] write(5, "\1\0\0\0\n\0\0\0", 8) = 8
[pid 27856] write(7, "\6\0\0\0\v\0\0\0", 8)       = 8
[pid 27854] getpid()      = 27854
[pid 27856] getpid()      = 27856
[pid 27855] getpid()      = 27855
[pid 27856] kill(27856, SIGSTOP)        = 0
[pid 27855] kill(27855, SIGRT_8)        = 0
[pid 27856] --- SIGSTOP {si_signo=SIGSTOP, si_code=SI_USER, si_pid=27856, si_uid=1000} ---
[pid 27855] --- SIGRT_8 {si_signo=SIGRT_8, si_code=SI_USER, si_pid=27855, si_uid=1000} ---
[pid 27856] --- stopped by SIGSTOP ---
[pid 27839] --- SIGCHLD {si_signo=SIGCHLD, si_code=CLD_STOPPED, si_pid=27856, si_uid=1000, si_status=SIGSTOP, si_utime=0, si_stime=0} ---
[pid 27855] getpid()      = 27855
[pid 27839] futex(0x7f7e6085e720, FUTEX_WAIT_BITSET|FUTEX_CLOCK_REALTIME, 0, NULL, 0xffffffff)       = 0
[pid 27855] rt_sigreturn({mask=[]}) = 0
[pid 27854] kill(27854, SIGRT_3)        = 0
[pid 27855] read(6,"\6\0\0\0\v\0\0\0", 8) = 8
[pid 27854] --- SIGRT_3 {si_signo=SIGRT_3, si_code=SI_USER, si_pid=27854, si_uid=1000} ---
[pid 27854] getpid()                    = 27854
[pid 27854] getpid()                    = 27854
[pid 27854] futex(0x7f7e5fafb720, FUTEX_WAKE, 1)       = 1
[pid 27839] wait4(27856,NULL, WSTOPPED, NULL) = 27856
[pid 27854] rt_sigreturn({mask=[]}) = 0
[pid 27839] kill(27856, SIGCONT)        = 0
[pid 27854] read(4,"\10\0\0\0\n\0\0\0", 8) = 8
[pid 27839] --- SIGCHLD {si_signo=SIGCHLD, si_code=CLD_CONTINUED, si_pid=27856, si_uid=1000, si_status=SIGCONT, si_utime=0, si_stime=0} ---
[pid 27856] --- SIGCONT {si_signo=SIGCONT, si_code=SI_USER, si_pid=27839, si_uid=1000} ---
[pid 27839] futex(0x7f7e6085e720, FUTEX_WAIT_BITSET|FUTEX_CLOCK_REALTIME, 0, NULL, 0xffffffff)       = ? ERESTARTSYS (To be restarted if SA_RESTART is set)
[pid 27856] write(5, "\10\0\0\0\n\0\0\0", 8) = 8
[pid 27856] write(7, "\6\0\0\0\v\0\0\0", 8)       = 8
[pid 27854] getpid()      = 27854
[pid 27856] getpid()      = 27856
[pid 27855] getpid()      = 27855
[pid 27856] kill(27856, SIGSTOP)        = 0
[pid 27855] kill(27855, SIGRT_8)        = 0
[pid 27856] --- SIGSTOP {si_signo=SIGSTOP, si_code=SI_USER, si_pid=27856, si_uid=1000} ---
[pid 27855] --- SIGRT_8 {si_signo=SIGRT_8, si_code=SI_USER, si_pid=27855, si_uid=1000} ---
[pid 27856] --- stopped by SIGSTOP ---
[pid 27839] --- SIGCHLD {si_signo=SIGCHLD, si_code=CLD_STOPPED, si_pid=27856, si_uid=1000, si_status=SIGSTOP, si_utime=0, si_stime=0} ---
[pid 27855] getpid()      = 27855
[pid 27839] futex(0x7f7e6085e720, FUTEX_WAIT_BITSET|FUTEX_CLOCK_REALTIME, 0, NULL, 0xffffffff)       = 0
[pid 27855] rt_sigreturn({mask=[]}) = 0
[pid 27854] kill(27854, SIGRT_10)        = 0
[pid 27855] read(6,"\6\0\0\0\v\0\0\0", 8) = 8
[pid 27854] --- SIGRT_10 {si_signo=SIGRT_10, si_code=SI_USER, si_pid=27854, si_uid=1000} ---
[pid 27854] getpid()                    = 27854
[pid 27854] futex(0x7f7e5fafb720, FUTEX_WAKE, 1)       = 1
[pid 27839] wait4(27856,NULL, WSTOPPED, NULL) = 27856
[pid 27854] rt_sigreturn({mask=[]}) = 0
[pid 27839] kill(27856, SIGCONT)        = 0
[pid 27854] read(4,"\0\0\0\0\n\0\0\0", 8) = 8
[pid 27839] --- SIGCHLD {si_signo=SIGCHLD, si_code=CLD_CONTINUED, si_pid=27856, si_uid=1000, si_status=SIGCONT, si_utime=0, si_stime=0} ---
[pid 27856] --- SIGCONT {si_signo=SIGCONT, si_code=SI_USER, si_pid=27839, si_uid=1000} ---
[pid 27839] futex(0x7f7e6085e720, FUTEX_WAIT_BITSET|FUTEX_CLOCK_REALTIME, 0, NULL, 0xffffffff)       = ? ERESTARTSYS (To be restarted if SA_RESTART is set)
[pid 27856] write(5, "\0\0\0\0\n\0\0\0", 8) = 8
[pid 27856] write(7, "\6\0\0\0\v\0\0\0", 8)       = 8
[pid 27854] getpid()      = 27854
[pid 27856] getpid()      = 27856
[pid 27855] getpid()      = 27855
[pid 27856] kill(27856, SIGSTOP)        = 0
[pid 27855] kill(27855, SIGRT_8)        = 0
[pid 27856] --- SIGSTOP {si_signo=SIGSTOP, si_code=SI_USER, si_pid=27856, si_uid=1000} ---
[pid 27855] --- SIGRT_8 {si_signo=SIGRT_8, si_code=SI_USER, si_pid=27855, si_uid=1000} ---
[pid 27856] --- stopped by SIGSTOP ---
[pid 27839] --- SIGCHLD {si_signo=SIGCHLD, si_code=CLD_STOPPED, si_pid=27856, si_uid=1000, si_status=SIGSTOP, si_utime=0, si_stime=0} ---
[pid 27855] getpid()      = 27855
[pid 27839] futex(0x7f7e6085e720, FUTEX_WAIT_BITSET|FUTEX_CLOCK_REALTIME, 0, NULL, 0xffffffff)       = 0
[pid 27855] rt_sigreturn({mask=[]}) = 0
[pid 27854] kill(27854, SIGRT_2)        = 0
[pid 27855] read(6,"\0\0\0\0\v\0\0\0", 8) = 8
[pid 27854] --- SIGRT_2 {si_signo=SIGRT_2, si_code=SI_USER, si_pid=27854, si_uid=1000} ---
[pid 27854] getpid()                    = 27854
[pid 27854] futex(0x7f7e5fafb720, FUTEX_WAKE, 1)       = 1
[pid 27839] wait4(27856,NULL, WSTOPPED, NULL) = 27856
[pid 27854] rt_sigreturn({mask=[]}) = 0
[pid 27839] kill(27856, SIGCONT)        = 0
[pid 27854] read(4,"\10\0\0\0\n\0\0\0", 8) = 8
[pid 27839] --- SIGCHLD {si_signo=SIGCHLD, si_code=CLD_CONTINUED, si_pid=27856, si_uid=1000, si_status=SIGCONT, si_utime=0, si_stime=0} ---
[pid 27856] --- SIGCONT {si_signo=SIGCONT, si_code=SI_USER, si_pid=27839, si_uid=1000} ---
[pid 27839] futex(0x7f7e6085e720, FUTEX_WAIT_BITSET|FUTEX_CLOCK_REALTIME, 0, NULL, 0xffffffff)       = ? ERESTARTSYS (To be restarted if SA_RESTART is set)
[pid 27856] write(5, "\10\0\0\0\n\0\0\0", 8) = 8
[pid 27856] write(7, "\0\0\0\0\v\0\0\0", 8)       = 8
[pid 27854] getpid()      = 27854
[pid 27856] getpid()      = 27856
[pid 27855] getpid()      = 27855
[pid 27856] kill(27856, SIGSTOP)        = 0
[pid 27855] kill(27855, SIGRT_2)        = 0
[pid 27856] --- SIGSTOP {si_signo=SIGSTOP, si_code=SI_USER, si_pid=27856, si_uid=1000} ---
[pid 27855] --- SIGRT_2 {si_signo=SIGRT_2, si_code=SI_USER, si_pid=27855, si_uid=1000} ---
[pid 27856] --- stopped by SIGSTOP ---
[pid 27839] --- SIGCHLD {si_signo=SIGCHLD, si_code=CLD_STOPPED, si_pid=27856, si_uid=1000, si_status=SIGSTOP, si_utime=0, si_stime=0} ---
[pid 27855] getpid()      = 27855
[pid 27839] futex(0x7f7e6085e720, FUTEX_WAIT_BITSET|FUTEX_CLOCK_REALTIME, 0, NULL, 0xffffffff)       = 0
[pid 27855] rt_sigreturn({mask=[]}) = 0
[pid 27854] kill(27854, SIGRT_10)        = 0
[pid 27855] read(6,"\10\0\0\0\v\0\0\0", 8) = 8
[pid 27854] --- SIGRT_10 {si_signo=SIGRT_10, si_code=SI_USER, si_pid=27854, si_uid=1000} ---
[pid 27854] getpid()                    = 27854
[pid 27854] futex(0x7f7e5fafb720, FUTEX_WAKE, 1)       = 1
[pid 27839] wait4(27856,NULL, WSTOPPED, NULL) = 27856
[pid 27854] rt_sigreturn({mask=[]}) = 0
[pid 27839] kill(27856, SIGCONT)        = 0
[pid 27854] read(4,"\6\0\0\0\n\0\0\0", 8) = 8
[pid 27839] --- SIGCHLD {si_signo=SIGCHLD, si_code=CLD_CONTINUED, si_pid=27856, si_uid=1000, si_status=SIGCONT, si_utime=0, si_stime=0} ---
[pid 27856] --- SIGCONT {si_signo=SIGCONT, si_code=SI_USER, si_pid=27839, si_uid=1000} ---
[pid 27839] futex(0x7f7e6085e720, FUTEX_WAIT_BITSET|FUTEX_CLOCK_REALTIME, 0, NULL, 0xffffffff)       = ? ERESTARTSYS (To be restarted if SA_RESTART is set)
[pid 27856] write(5, "\6\0\0\0\n\0\0\0", 8) = 8
[pid 27856] write(7, "\10\0\0\0\v\0\0\0", 8)       = 8
[pid 27854] getpid()      = 27854
[pid 27856] getpid()      = 27856
[pid 27855] getpid()      = 27855
[pid 27856] kill(27856, SIGSTOP)        = 0
[pid 27855] kill(27855, SIGRT_10)        = 0
[pid 27856] --- SIGSTOP {si_signo=SIGSTOP, si_code=SI_USER, si_pid=27856, si_uid=1000} ---
[pid 27855] --- SIGRT_10 {si_signo=SIGRT_10, si_code=SI_USER, si_pid=27855, si_uid=1000} ---
[pid 27856] --- stopped by SIGSTOP ---
[pid 27839] --- SIGCHLD {si_signo=SIGCHLD, si_code=CLD_STOPPED, si_pid=27856, si_uid=1000, si_status=SIGSTOP, si_utime=0, si_stime=0} ---
[pid 27855] getpid()      = 27855
[pid 27839] futex(0x7f7e6085e720, FUTEX_WAIT_BITSET|FUTEX_CLOCK_REALTIME, 0, NULL, 0xffffffff)       = 0
[pid 27855] rt_sigreturn({mask=[]}) = 0
[pid 27854] kill(27854, SIGRT_8)        = 0
[pid 27855] read(6,"\5\0\0\0\v\0\0\0", 8) = 8
[pid 27854] --- SIGRT_8 {si_signo=SIGRT_8, si_code=SI_USER, si_pid=27854, si_uid=1000} ---
[pid 27854] getpid()                    = 27854
[pid 27854] futex(0x7f7e5fafb720, FUTEX_WAKE, 1)       = 1
[pid 27839] wait4(27856,NULL, WSTOPPED, NULL) = 27856
[pid 27854] rt_sigreturn({mask=[]}) = 0
[pid 27839] kill(27856, SIGCONT)        = 0
[pid 27854] read(4,"\6\0\0\0\n\0\0\0", 8) = 8
[pid 27839] --- SIGCHLD {si_signo=SIGCHLD, si_code=CLD_CONTINUED, si_pid=27856, si_uid=1000, si_status=SIGCONT, si_utime=0, si_stime=0} ---
[pid 27856] --- SIGCONT {si_signo=SIGCONT, si_code=SI_USER, si_pid=27839, si_uid=1000} ---
[pid 27839] futex(0x7f7e6085e720, FUTEX_WAIT_BITSET|FUTEX_CLOCK_REALTIME, 0, NULL, 0xffffffff)       = ? ERESTARTSYS (To be restarted if SA_RESTART is set)
[pid 27856] write(5, "\6\0\0\0\n\0\0\0", 8) = 8
[pid 27856] write(7, "\5\0\0\0\v\0\0\0", 8)       = 8
[pid 27854] getpid()      = 27854
[pid 27856] getpid()      = 27856
[pid 27855] getpid()      = 27855
[pid 27856] kill(27856, SIGSTOP)        = 0
[pid 27855] kill(27855, SIGRT_7)        = 0
[pid 27856] --- SIGSTOP {si_signo=SIGSTOP, si_code=SI_USER, si_pid=27856, si_uid=1000} ---
[pid 27855] --- SIGRT_7 {si_signo=SIGRT_7, si_code=SI_USER, si_pid=27855, si_uid=1000} ---
[pid 27856] --- stopped by SIGSTOP ---
[pid 27839] --- SIGCHLD {si_signo=SIGCHLD, si_code=CLD_STOPPED, si_pid=27856, si_uid=1000, si_status=SIGSTOP, si_utime=0, si_stime=0} ---
[pid 27855] getpid()      = 27855
[pid 27839] futex(0x7f7e6085e720, FUTEX_WAIT_BITSET|FUTEX_CLOCK_REALTIME, 0, NULL, 0xffffffff)       = 0
[pid 27855] rt_sigreturn({mask=[]}) = 0
[pid 27854] kill(27854, SIGRT_8)        = 0
[pid 27855] read(6,"\0\0\0\0\v\0\0\0", 8) = 8
[pid 27854] --- SIGRT_8 {si_signo=SIGRT_8, si_code=SI_USER, si_pid=27854, si_uid=1000} ---
[pid 27854] getpid()                    = 27854
[pid 27854] futex(0x7f7e5fafb720, FUTEX_WAKE, 1)       = 1
[pid 27839] wait4(27856,NULL, WSTOPPED, NULL) = 27856
[pid 27854] rt_sigreturn({mask=[]}) = 0
[pid 27839] kill(27856, SIGCONT)        = 0
[pid 27854] read(4,"\6\0\0\0\n\0\0\0", 8) = 8
[pid 27839] --- SIGCHLD {si_signo=SIGCHLD, si_code=CLD_CONTINUED, si_pid=27856, si_uid=1000, si_status=SIGCONT, si_utime=0, si_stime=0} ---
[pid 27856] --- SIGCONT {si_signo=SIGCONT, si_code=SI_USER, si_pid=27839, si_uid=1000} ---
[pid 27839] futex(0x7f7e6085e720, FUTEX_WAIT_BITSET|FUTEX_CLOCK_REALTIME, 0, NULL, 0xffffffff)       = ? ERESTARTSYS (To be restarted if SA_RESTART is set)
[pid 27856] write(5, "\6\0\0\0\n\0\0\0", 8) = 8
[pid 27856] write(7, "\0\0\0\0\v\0\0\0", 8)       = 8
[pid 27854] getpid()      = 27854
[pid 27856] getpid()      = 27856
[pid 27855] getpid()      = 27855
[pid 27856] kill(27856, SIGSTOP)        = 0
[pid 27855] kill(27855, SIGRT_2)        = 0
[pid 27856] --- SIGSTOP {si_signo=SIGSTOP, si_code=SI_USER, si_pid=27856, si_uid=1000} ---
[pid 27855] --- SIGRT_2 {si_signo=SIGRT_2, si_code=SI_USER, si_pid=27855, si_uid=1000} ---
[pid 27856] --- stopped by SIGSTOP ---
[pid 27839] --- SIGCHLD {si_signo=SIGCHLD, si_code=CLD_STOPPED, si_pid=27856, si_uid=1000, si_status=SIGSTOP, si_utime=0, si_stime=0} ---
[pid 27855] getpid()      = 27855
[pid 27839] futex(0x7f7e6085e720, FUTEX_WAIT_BITSET|FUTEX_CLOCK_REALTIME, 0, NULL, 0xffffffff)       = 0
[pid 27855] rt_sigreturn({mask=[]}) = 0
[pid 27854] kill(27854, SIGRT_8)        = 0
[pid 27855] read(6,"\6\0\0\0\v\0\0\0", 8) = 8
[pid 27854] --- SIGRT_8 {si_signo=SIGRT_8, si_code=SI_USER, si_pid=27854, si_uid=1000} ---
[pid 27854] getpid()                    = 27854
[pid 27854] futex(0x7f7e5fafb720, FUTEX_WAKE, 1)       = 1
[pid 27839] wait4(27856,NULL, WSTOPPED, NULL) = 27856
[pid 27854] rt_sigreturn({mask=[]}) = 0
[pid 27839] kill(27856, SIGCONT)        = 0
[pid 27854] read(4,"\1\0\0\0\n\0\0\0", 8) = 8
[pid 27839] --- SIGCHLD {si_signo=SIGCHLD, si_code=CLD_CONTINUED, si_pid=27856, si_uid=1000, si_status=SIGCONT, si_utime=0, si_stime=0} ---
[pid 27856] --- SIGCONT {si_signo=SIGCONT, si_code=SI_USER, si_pid=27839, si_uid=1000} ---
[pid 27839] futex(0x7f7e6085e720, FUTEX_WAIT_BITSET|FUTEX_CLOCK_REALTIME, 0, NULL, 0xffffffff)       = ? ERESTARTSYS (To be restarted if SA_RESTART is set)
[pid 27856] write(5, "\1\0\0\0\n\0\0\0", 8) = 8
[pid 27856] write(7, "\6\0\0\0\v\0\0\0", 8)       = 8
[pid 27854] getpid()      = 27854
[pid 27856] getpid()      = 27856
[pid 27855] getpid()      = 27855
[pid 27856] kill(27856, SIGSTOP)        = 0
[pid 27855] kill(27855, SIGRT_8)        = 0
[pid 27856] --- SIGSTOP {si_signo=SIGSTOP, si_code=SI_USER, si_pid=27856, si_uid=1000} ---
[pid 27855] --- SIGRT_8 {si_signo=SIGRT_8, si_code=SI_USER, si_pid=27855, si_uid=1000} ---
[pid 27856] --- stopped by SIGSTOP ---
[pid 27839] --- SIGCHLD {si_signo=SIGCHLD, si_code=CLD_STOPPED, si_pid=27856, si_uid=1000, si_status=SIGSTOP, si_utime=0, si_stime=0} ---
[pid 27855] getpid()      = 27855
[pid 27839] futex(0x7f7e6085e720, FUTEX_WAIT_BITSET|FUTEX_CLOCK_REALTIME, 0, NULL, 0xffffffff)       = 0
[pid 27855] rt_sigreturn({mask=[]}) = 0
[pid 27854] kill(27854, SIGRT_3)        = 0
[pid 27855] read(6,"\6\0\0\0\v\0\0\0", 8) = 8
[pid 27854] --- SIGRT_3 {si_signo=SIGRT_3, si_code=SI_USER, si_pid=27854, si_uid=1000} ---
[pid 27854] getpid()                    = 27854
[pid 27854] getpid()                    = 27854
[pid 27854] futex(0x7f7e5fafb720, FUTEX_WAKE, 1)       = 1
[pid 27839] wait4(27856,NULL, WSTOPPED, NULL) = 27856
[pid 27854] rt_sigreturn({mask=[]}) = 0
[pid 27839] kill(27856, SIGCONT)        = 0
[pid 27854] read(4,"\10\0\0\0\n\0\0\0", 8) = 8
[pid 27839] --- SIGCHLD {si_signo=SIGCHLD, si_code=CLD_CONTINUED, si_pid=27856, si_uid=1000, si_status=SIGCONT, si_utime=0, si_stime=0} ---
[pid 27856] --- SIGCONT {si_signo=SIGCONT, si_code=SI_USER, si_pid=27839, si_uid=1000} ---
[pid 27839] futex(0x7f7e6085e720, FUTEX_WAIT_BITSET|FUTEX_CLOCK_REALTIME, 0, NULL, 0xffffffff)       = ? ERESTARTSYS (To be restarted if SA_RESTART is set)
[pid 27856] write(5, "\10\0\0\0\n\0\0\0", 8) = 8
[pid 27856] write(7, "\6\0\0\0\v\0\0\0", 8)       = 8
[pid 27854] getpid()      = 27854
[pid 27856] getpid()      = 27856
[pid 27855] getpid()      = 27855
[pid 27856] kill(27856, SIGSTOP)        = 0
[pid 27855] kill(27855, SIGRT_8)        = 0
[pid 27856] --- SIGSTOP {si_signo=SIGSTOP, si_code=SI_USER, si_pid=27856, si_uid=1000} ---
[pid 27855] --- SIGRT_8 {si_signo=SIGRT_8, si_code=SI_USER, si_pid=27855, si_uid=1000} ---
[pid 27856] --- stopped by SIGSTOP ---
[pid 27839] --- SIGCHLD {si_signo=SIGCHLD, si_code=CLD_STOPPED, si_pid=27856, si_uid=1000, si_status=SIGSTOP, si_utime=0, si_stime=0} ---
[pid 27855] getpid()      = 27855
[pid 27839] futex(0x7f7e6085e720, FUTEX_WAIT_BITSET|FUTEX_CLOCK_REALTIME, 0, NULL, 0xffffffff)       = 0
[pid 27855] rt_sigreturn({mask=[]}) = 0
[pid 27854] kill(27854, SIGRT_10)        = 0
[pid 27855] read(6,"\6\0\0\0\v\0\0\0", 8) = 8
[pid 27854] --- SIGRT_10 {si_signo=SIGRT_10, si_code=SI_USER, si_pid=27854, si_uid=1000} ---
[pid 27854] getpid()                    = 27854
[pid 27854] futex(0x7f7e5fafb720, FUTEX_WAKE, 1)       = 1
[pid 27839] wait4(27856,NULL, WSTOPPED, NULL) = 27856
[pid 27854] rt_sigreturn({mask=[]}) = 0
[pid 27839] kill(27856, SIGCONT)        = 0
[pid 27854] read(4,"\0\0\0\0\n\0\0\0", 8) = 8
[pid 27839] --- SIGCHLD {si_signo=SIGCHLD, si_code=CLD_CONTINUED, si_pid=27856, si_uid=1000, si_status=SIGCONT, si_utime=0, si_stime=0} ---
[pid 27856] --- SIGCONT {si_signo=SIGCONT, si_code=SI_USER, si_pid=27839, si_uid=1000} ---
[pid 27839] futex(0x7f7e6085e720, FUTEX_WAIT_BITSET|FUTEX_CLOCK_REALTIME, 0, NULL, 0xffffffff)       = ? ERESTARTSYS (To be restarted if SA_RESTART is set)
[pid 27856] write(5, "\0\0\0\0\n\0\0\0", 8) = 8
[pid 27856] write(7, "\6\0\0\0\v\0\0\0", 8)       = 8
[pid 27854] getpid()      = 27854
[pid 27856] getpid()      = 27856
[pid 27855] getpid()      = 27855
[pid 27856] kill(27856, SIGSTOP)        = 0
[pid 27855] kill(27855, SIGRT_8)        = 0
[pid 27856] --- SIGSTOP {si_signo=SIGSTOP, si_code=SI_USER, si_pid=27856, si_uid=1000} ---
[pid 27855] --- SIGRT_8 {si_signo=SIGRT_8, si_code=SI_USER, si_pid=27855, si_uid=1000} ---
[pid 27856] --- stopped by SIGSTOP ---
[pid 27839] --- SIGCHLD {si_signo=SIGCHLD, si_code=CLD_STOPPED, si_pid=27856, si_uid=1000, si_status=SIGSTOP, si_utime=0, si_stime=0} ---
[pid 27855] getpid()      = 27855
[pid 27839] futex(0x7f7e6085e720, FUTEX_WAIT_BITSET|FUTEX_CLOCK_REALTIME, 0, NULL, 0xffffffff)       = 0
[pid 27855] rt_sigreturn({mask=[]}) = 0
[pid 27854] kill(27854, SIGRT_2)        = 0
[pid 27855] read(6,"\0\0\0\0\v\0\0\0", 8) = 8
[pid 27854] --- SIGRT_2 {si_signo=SIGRT_2, si_code=SI_USER, si_pid=27854, si_uid=1000} ---
[pid 27854] getpid()                    = 27854
[pid 27854] futex(0x7f7e5fafb720, FUTEX_WAKE, 1)       = 1
[pid 27839] wait4(27856,NULL, WSTOPPED, NULL) = 27856
[pid 27854] rt_sigreturn({mask=[]}) = 0
[pid 27839] kill(27856, SIGCONT)        = 0
[pid 27854] read(4,"\10\0\0\0\n\0\0\0", 8) = 8
[pid 27839] --- SIGCHLD {si_signo=SIGCHLD, si_code=CLD_CONTINUED, si_pid=27856, si_uid=1000, si_status=SIGCONT, si_utime=0, si_stime=0} ---
[pid 27856] --- SIGCONT {si_signo=SIGCONT, si_code=SI_USER, si_pid=27839, si_uid=1000} ---
[pid 27839] futex(0x7f7e6085e720, FUTEX_WAIT_BITSET|FUTEX_CLOCK_REALTIME, 0, NULL, 0xffffffff)       = ? ERESTARTSYS (To be restarted if SA_RESTART is set)
[pid 27856] write(5, "\10\0\0\0\n\0\0\0", 8) = 8
[pid 27856] write(7, "\0\0\0\0\v\0\0\0", 8)       = 8
[pid 27854] getpid()      = 27854
[pid 27856] getpid()      = 27856
[pid 27855] getpid()      = 27855
[pid 27856] kill(27856, SIGSTOP)        = 0
[pid 27855] kill(27855, SIGRT_2)        = 0
[pid 27856] --- SIGSTOP {si_signo=SIGSTOP, si_code=SI_USER, si_pid=27856, si_uid=1000} ---
[pid 27855] --- SIGRT_2 {si_signo=SIGRT_2, si_code=SI_USER, si_pid=27855, si_uid=1000} ---
[pid 27856] --- stopped by SIGSTOP ---
[pid 27839] --- SIGCHLD {si_signo=SIGCHLD, si_code=CLD_STOPPED, si_pid=27856, si_uid=1000, si_status=SIGSTOP, si_utime=0, si_stime=0} ---
[pid 27855] getpid()      = 27855
[pid 27839] futex(0x7f7e6085e720, FUTEX_WAIT_BITSET|FUTEX_CLOCK_REALTIME, 0, NULL, 0xffffffff)       = 0
[pid 27855] rt_sigreturn({mask=[]}) = 0
[pid 27854] kill(27854, SIGRT_10)        = 0
[pid 27855] read(6,"\10\0\0\0\v\0\0\0", 8) = 8
[pid 27854] --- SIGRT_10 {si_signo=SIGRT_10, si_code=SI_USER, si_pid=27854, si_uid=1000} ---
[pid 27854] getpid()                    = 27854
[pid 27854] futex(0x7f7e5fafb720, FUTEX_WAKE, 1)       = 1
[pid 27839] wait4(27856,NULL, WSTOPPED, NULL) = 27856
[pid 27854] rt_sigreturn({mask=[]}) = 0
[pid 27839] kill(27856, SIGCONT)        = 0
[pid 27854] read(4,"\6\0\0\0\n\0\0\0", 8) = 8
[pid 27839] --- SIGCHLD {si_signo=SIGCHLD, si_code=CLD_CONTINUED, si_pid=27856, si_uid=1000, si_status=SIGCONT, si_utime=0, si_stime=0} ---
[pid 27856] --- SIGCONT {si_signo=SIGCONT, si_code=SI_USER, si_pid=27839, si_uid=1000} ---
[pid 27839] futex(0x7f7e6085e720, FUTEX_WAIT_BITSET|FUTEX_CLOCK_REALTIME, 0, NULL, 0xffffffff)       = ? ERESTARTSYS (To be restarted if SA_RESTART is set)
[pid 27856] write(5, "\6\0\0\0\n\0\0\0", 8) = 8
[pid 27856] write(7, "\10\0\0\0\v\0\0\0", 8)       = 8
[pid 27854] getpid()      = 27854
[pid 27856] getpid()      = 27856
[pid 27855] getpid()      = 27855
[pid 27856] kill(27856, SIGSTOP)        = 0
[pid 27855] kill(27855, SIGRT_10)        = 0
[pid 27856] --- SIGSTOP {si_signo=SIGSTOP, si_code=SI_USER, si_pid=27856, si_uid=1000} ---
[pid 27855] --- SIGRT_10 {si_signo=SIGRT_10, si_code=SI_USER, si_pid=27855, si_uid=1000} ---
[pid 27856] --- stopped by SIGSTOP ---
[pid 27839] --- SIGCHLD {si_signo=SIGCHLD, si_code=CLD_STOPPED, si_pid=27856, si_uid=1000, si_status=SIGSTOP, si_utime=0, si_stime=0} ---
[pid 27855] getpid()      = 27855
[pid 27839] futex(0x7f7e6085e720, FUTEX_WAIT_BITSET|FUTEX_CLOCK_REALTIME, 0, NULL, 0xffffffff)       = 0
[pid 27855] rt_sigreturn({mask=[]}) = 0
[pid 27854] kill(27854, SIGRT_8)        = 0
[pid 27855] read(6,"\5\0\0\0\v\0\0\0", 8) = 8
[pid 27854] --- SIGRT_8 {si_signo=SIGRT_8, si_code=SI_USER, si_pid=27854, si_uid=1000} ---
[pid 27854] getpid()                    = 27854
[pid 27854] futex(0x7f7e5fafb720, FUTEX_WAKE, 1)       = 1
[pid 27839] wait4(27856,NULL, WSTOPPED, NULL) = 27856
[pid 27854] rt_sigreturn({mask=[]}) = 0
[pid 27839] kill(27856, SIGCONT)        = 0
[pid 27854] read(4,"\6\0\0\0\n\0\0\0", 8) = 8
[pid 27839] --- SIGCHLD {si_signo=SIGCHLD, si_code=CLD_CONTINUED, si_pid=27856, si_uid=1000, si_status=SIGCONT, si_utime=0, si_stime=0} ---
[pid 27856] --- SIGCONT {si_signo=SIGCONT, si_code=SI_USER, si_pid=27839, si_uid=1000} ---
[pid 27839] futex(0x7f7e6085e720, FUTEX_WAIT_BITSET|FUTEX_CLOCK_REALTIME, 0, NULL, 0xffffffff)       = ? ERESTARTSYS (To be restarted if SA_RESTART is set)
[pid 27856] write(5, "\6\0\0\0\n\0\0\0", 8) = 8
[pid 27856] write(7, "\5\0\0\0\v\0\0\0", 8)       = 8
[pid 27854] getpid()      = 27854
[pid 27856] getpid()      = 27856
[pid 27855] getpid()      = 27855
[pid 27856] kill(27856, SIGSTOP)        = 0
[pid 27855] kill(27855, SIGRT_7)        = 0
[pid 27856] --- SIGSTOP {si_signo=SIGSTOP, si_code=SI_USER, si_pid=27856, si_uid=1000} ---
[pid 27855] --- SIGRT_7 {si_signo=SIGRT_7, si_code=SI_USER, si_pid=27855, si_uid=1000} ---
[pid 27856] --- stopped by SIGSTOP ---
[pid 27839] --- SIGCHLD {si_signo=SIGCHLD, si_code=CLD_STOPPED, si_pid=27856, si_uid=1000, si_status=SIGSTOP, si_utime=0, si_stime=0} ---
[pid 27855] getpid()      = 27855
[pid 27839] futex(0x7f7e6085e720, FUTEX_WAIT_BITSET|FUTEX_CLOCK_REALTIME, 0, NULL, 0xffffffff)       = 0
[pid 27855] rt_sigreturn({mask=[]}) = 0
[pid 27854] kill(27854, SIGRT_8)        = 0
[pid 27855] read(6,"\0\0\0\0\v\0\0\0", 8) = 8
[pid 27854] --- SIGRT_8 {si_signo=SIGRT_8, si_code=SI_USER, si_pid=27854, si_uid=1000} ---
[pid 27854] getpid()                    = 27854
[pid 27854] futex(0x7f7e5fafb720, FUTEX_WAKE, 1)       = 1
[pid 27839] wait4(27856,NULL, WSTOPPED, NULL) = 27856
[pid 27854] rt_sigreturn({mask=[]}) = 0
[pid 27839] kill(27856, SIGCONT)        = 0
[pid 27854] read(4,"\6\0\0\0\n\0\0\0", 8) = 8
[pid 27839] --- SIGCHLD {si_signo=SIGCHLD, si_code=CLD_CONTINUED, si_pid=27856, si_uid=1000, si_status=SIGCONT, si_utime=0, si_stime=0} ---
[pid 27856] --- SIGCONT {si_signo=SIGCONT, si_code=SI_USER, si_pid=27839, si_uid=1000} ---
[pid 27839] futex(0x7f7e6085e720, FUTEX_WAIT_BITSET|FUTEX_CLOCK_REALTIME, 0, NULL, 0xffffffff)       = ? ERESTARTSYS (To be restarted if SA_RESTART is set)
[pid 27856] write(5, "\6\0\0\0\n\0\0\0", 8) = 8
[pid 27856] write(7, "\0\0\0\0\v\0\0\0", 8)       = 8
[pid 27854] getpid()      = 27854
[pid 27856] getpid()      = 27856
[pid 27855] getpid()      = 27855
[pid 27856] kill(27856, SIGSTOP)        = 0
[pid 27855] kill(27855, SIGRT_2)        = 0
[pid 27856] --- SIGSTOP {si_signo=SIGSTOP, si_code=SI_USER, si_pid=27856, si_uid=1000} ---
[pid 27855] --- SIGRT_2 {si_signo=SIGRT_2, si_code=SI_USER, si_pid=27855, si_uid=1000} ---
[pid 27856] --- stopped by SIGSTOP ---
[pid 27839] --- SIGCHLD {si_signo=SIGCHLD, si_code=CLD_STOPPED, si_pid=27856, si_uid=1000, si_status=SIGSTOP, si_utime=0, si_stime=0} ---
[pid 27855] getpid()      = 27855
[pid 27839] futex(0x7f7e6085e720, FUTEX_WAIT_BITSET|FUTEX_CLOCK_REALTIME, 0, NULL, 0xffffffff)       = 0
[pid 27855] rt_sigreturn({mask=[]}) = 0
[pid 27854] kill(27854, SIGRT_8)        = 0
[pid 27855] read(6,"\6\0\0\0\v\0\0\0", 8) = 8
[pid 27854] --- SIGRT_8 {si_signo=SIGRT_8, si_code=SI_USER, si_pid=27854, si_uid=1000} ---
[pid 27854] getpid()                    = 27854
[pid 27854] futex(0x7f7e5fafb720, FUTEX_WAKE, 1)       = 1
[pid 27839] wait4(27856,NULL, WSTOPPED, NULL) = 27856
[pid 27854] rt_sigreturn({mask=[]}) = 0
[pid 27839] kill(27856, SIGCONT)        = 0
[pid 27854] read(4,"\1\0\0\0\n\0\0\0", 8) = 8
[pid 27839] --- SIGCHLD {si_signo=SIGCHLD, si_code=CLD_CONTINUED, si_pid=27856, si_uid=1000, si_status=SIGCONT, si_utime=0, si_stime=0} ---
[pid 27856] --- SIGCONT {si_signo=SIGCONT, si_code=SI_USER, si_pid=27839, si_uid=1000} ---
[pid 27839] futex(0x7f7e6085e720, FUTEX_WAIT_BITSET|FUTEX_CLOCK_REALTIME, 0, NULL, 0xffffffff)       = ? ERESTARTSYS (To be restarted if SA_RESTART is set)
[pid 27856] write(5, "\1\0\0\0\n\0\0\0", 8) = 8
[pid 27856] write(7, "\6\0\0\0\v\0\0\0", 8)       = 8
[pid 27854] getpid()      = 27854
[pid 27856] getpid()      = 27856
[pid 27855] getpid()      = 27855
[pid 27856] kill(27856, SIGSTOP)        = 0
[pid 27855] kill(27855, SIGRT_8)        = 0
[pid 27856] --- SIGSTOP {si_signo=SIGSTOP, si_code=SI_USER, si_pid=27856, si_uid=1000} ---
[pid 27855] --- SIGRT_8 {si_signo=SIGRT_8, si_code=SI_USER, si_pid=27855, si_uid=1000} ---
[pid 27856] --- stopped by SIGSTOP ---
[pid 27839] --- SIGCHLD {si_signo=SIGCHLD, si_code=CLD_STOPPED, si_pid=27856, si_uid=1000, si_status=SIGSTOP, si_utime=0, si_stime=0} ---
[pid 27855] getpid()      = 27855
[pid 27839] futex(0x7f7e6085e720, FUTEX_WAIT_BITSET|FUTEX_CLOCK_REALTIME, 0, NULL, 0xffffffff)       = 0
[pid 27855] rt_sigreturn({mask=[]}) = 0
[pid 27854] kill(27854, SIGRT_3)        = 0
[pid 27855] read(6,"\6\0\0\0\v\0\0\0", 8) = 8
[pid 27854] --- SIGRT_3 {si_signo=SIGRT_3, si_code=SI_USER, si_pid=27854, si_uid=1000} ---
[pid 27854] getpid()                    = 27854
[pid 27854] getpid()                    = 27854
[pid 27854] futex(0x7f7e5fafb720, FUTEX_WAKE, 1)       = 1
[pid 27839] wait4(27856,NULL, WSTOPPED, NULL) = 27856
[pid 27854] rt_sigreturn({mask=[]}) = 0
[pid 27839] kill(27856, SIGCONT)        = 0
[pid 27854] read(4,"\10\0\0\0\n\0\0\0", 8) = 8
[pid 27839] --- SIGCHLD {si_signo=SIGCHLD, si_code=CLD_CONTINUED, si_pid=27856, si_uid=1000, si_status=SIGCONT, si_utime=0, si_stime=0} ---
[pid 27856] --- SIGCONT {si_signo=SIGCONT, si_code=SI_USER, si_pid=27839, si_uid=1000} ---
[pid 27839] futex(0x7f7e6085e720, FUTEX_WAIT_BITSET|FUTEX_CLOCK_REALTIME, 0, NULL, 0xffffffff)       = ? ERESTARTSYS (To be restarted if SA_RESTART is set)
[pid 27856] write(5, "\10\0\0\0\n\0\0\0", 8) = 8
[pid 27856] write(7, "\6\0\0\0\v\0\0\0", 8)       = 8
[pid 27854] getpid()      = 27854
[pid 27856] getpid()      = 27856
[pid 27855] getpid()      = 27855
[pid 27856] kill(27856, SIGSTOP)        = 0
[pid 27855] kill(27855, SIGRT_8)        = 0
[pid 27856] --- SIGSTOP {si_signo=SIGSTOP, si_code=SI_USER, si_pid=27856, si_uid=1000} ---
[pid 27855] --- SIGRT_8 {si_signo=SIGRT_8, si_code=SI_USER, si_pid=27855, si_uid=1000} ---
[pid 27856] --- stopped by SIGSTOP ---
[pid 27839] --- SIGCHLD {si_signo=SIGCHLD, si_code=CLD_STOPPED, si_pid=27856, si_uid=1000, si_status=SIGSTOP, si_utime=0, si_stime=0} ---
[pid 27855] getpid()      = 27855
[pid 27839] futex(0x7f7e6085e720, FUTEX_WAIT_BITSET|FUTEX_CLOCK_REALTIME, 0, NULL, 0xffffffff)       = 0
[pid 27855] rt_sigreturn({mask=[]}) = 0
[pid 27854] kill(27854, SIGRT_10)        = 0
[pid 27855] read(6,"\6\0\0\0\v\0\0\0", 8) = 8
[pid 27854] --- SIGRT_10 {si_signo=SIGRT_10, si_code=SI_USER, si_pid=27854, si_uid=1000} ---
[pid 27854] getpid()                    = 27854
[pid 27854] futex(0x7f7e5fafb720, FUTEX_WAKE, 1)       = 1
[pid 27839] wait4(27856,NULL, WSTOPPED, NULL) = 27856
[pid 27854] rt_sigreturn({mask=[]}) = 0
[pid 27839] kill(27856, SIGCONT)        = 0
[pid 27854] read(4,"\0\0\0\0\n\0\0\0", 8) = 8
